Archive member included to satisfy reference by file (symbol)

c:/st/stm32cubeide_1.4.0/stm32cubeide/plugins/com.st.stm32cube.ide.mcu.externaltools.gnu-tools-for-stm32.7-2018-q2-update.win32_1.4.0.202007081208/tools/bin/../lib/gcc/arm-none-eabi/7.3.1/../../../../arm-none-eabi/lib/thumb/v7e-m/fpv4-sp/hard\libc_nano.a(lib_a-errno.o)
                              Core/Src/syscalls.o (__errno)
c:/st/stm32cubeide_1.4.0/stm32cubeide/plugins/com.st.stm32cube.ide.mcu.externaltools.gnu-tools-for-stm32.7-2018-q2-update.win32_1.4.0.202007081208/tools/bin/../lib/gcc/arm-none-eabi/7.3.1/../../../../arm-none-eabi/lib/thumb/v7e-m/fpv4-sp/hard\libc_nano.a(lib_a-exit.o)
                              c:/st/stm32cubeide_1.4.0/stm32cubeide/plugins/com.st.stm32cube.ide.mcu.externaltools.gnu-tools-for-stm32.7-2018-q2-update.win32_1.4.0.202007081208/tools/bin/../lib/gcc/arm-none-eabi/7.3.1/../../../../arm-none-eabi/lib/thumb/v7e-m/fpv4-sp/hard/crt0.o (exit)
c:/st/stm32cubeide_1.4.0/stm32cubeide/plugins/com.st.stm32cube.ide.mcu.externaltools.gnu-tools-for-stm32.7-2018-q2-update.win32_1.4.0.202007081208/tools/bin/../lib/gcc/arm-none-eabi/7.3.1/../../../../arm-none-eabi/lib/thumb/v7e-m/fpv4-sp/hard\libc_nano.a(lib_a-impure.o)
                              c:/st/stm32cubeide_1.4.0/stm32cubeide/plugins/com.st.stm32cube.ide.mcu.externaltools.gnu-tools-for-stm32.7-2018-q2-update.win32_1.4.0.202007081208/tools/bin/../lib/gcc/arm-none-eabi/7.3.1/../../../../arm-none-eabi/lib/thumb/v7e-m/fpv4-sp/hard\libc_nano.a(lib_a-exit.o) (_global_impure_ptr)
c:/st/stm32cubeide_1.4.0/stm32cubeide/plugins/com.st.stm32cube.ide.mcu.externaltools.gnu-tools-for-stm32.7-2018-q2-update.win32_1.4.0.202007081208/tools/bin/../lib/gcc/arm-none-eabi/7.3.1/../../../../arm-none-eabi/lib/thumb/v7e-m/fpv4-sp/hard\libc_nano.a(lib_a-init.o)
                              c:/st/stm32cubeide_1.4.0/stm32cubeide/plugins/com.st.stm32cube.ide.mcu.externaltools.gnu-tools-for-stm32.7-2018-q2-update.win32_1.4.0.202007081208/tools/bin/../lib/gcc/arm-none-eabi/7.3.1/../../../../arm-none-eabi/lib/thumb/v7e-m/fpv4-sp/hard/crt0.o (__libc_init_array)
c:/st/stm32cubeide_1.4.0/stm32cubeide/plugins/com.st.stm32cube.ide.mcu.externaltools.gnu-tools-for-stm32.7-2018-q2-update.win32_1.4.0.202007081208/tools/bin/../lib/gcc/arm-none-eabi/7.3.1/../../../../arm-none-eabi/lib/thumb/v7e-m/fpv4-sp/hard\libc_nano.a(lib_a-memcmp.o)
                              Core/Src/es_wifi.o (memcmp)
c:/st/stm32cubeide_1.4.0/stm32cubeide/plugins/com.st.stm32cube.ide.mcu.externaltools.gnu-tools-for-stm32.7-2018-q2-update.win32_1.4.0.202007081208/tools/bin/../lib/gcc/arm-none-eabi/7.3.1/../../../../arm-none-eabi/lib/thumb/v7e-m/fpv4-sp/hard\libc_nano.a(lib_a-memcpy-stub.o)
                              Core/Src/es_wifi.o (memcpy)
c:/st/stm32cubeide_1.4.0/stm32cubeide/plugins/com.st.stm32cube.ide.mcu.externaltools.gnu-tools-for-stm32.7-2018-q2-update.win32_1.4.0.202007081208/tools/bin/../lib/gcc/arm-none-eabi/7.3.1/../../../../arm-none-eabi/lib/thumb/v7e-m/fpv4-sp/hard\libc_nano.a(lib_a-memset.o)
                              c:/st/stm32cubeide_1.4.0/stm32cubeide/plugins/com.st.stm32cube.ide.mcu.externaltools.gnu-tools-for-stm32.7-2018-q2-update.win32_1.4.0.202007081208/tools/bin/../lib/gcc/arm-none-eabi/7.3.1/../../../../arm-none-eabi/lib/thumb/v7e-m/fpv4-sp/hard/crt0.o (memset)
c:/st/stm32cubeide_1.4.0/stm32cubeide/plugins/com.st.stm32cube.ide.mcu.externaltools.gnu-tools-for-stm32.7-2018-q2-update.win32_1.4.0.202007081208/tools/bin/../lib/gcc/arm-none-eabi/7.3.1/../../../../arm-none-eabi/lib/thumb/v7e-m/fpv4-sp/hard\libc_nano.a(lib_a-printf.o)
                              Core/Src/es_wifi.o (printf)
c:/st/stm32cubeide_1.4.0/stm32cubeide/plugins/com.st.stm32cube.ide.mcu.externaltools.gnu-tools-for-stm32.7-2018-q2-update.win32_1.4.0.202007081208/tools/bin/../lib/gcc/arm-none-eabi/7.3.1/../../../../arm-none-eabi/lib/thumb/v7e-m/fpv4-sp/hard\libc_nano.a(lib_a-puts.o)
                              Core/Src/es_wifi.o (puts)
c:/st/stm32cubeide_1.4.0/stm32cubeide/plugins/com.st.stm32cube.ide.mcu.externaltools.gnu-tools-for-stm32.7-2018-q2-update.win32_1.4.0.202007081208/tools/bin/../lib/gcc/arm-none-eabi/7.3.1/../../../../arm-none-eabi/lib/thumb/v7e-m/fpv4-sp/hard\libc_nano.a(lib_a-sprintf.o)
                              Core/Src/es_wifi.o (sprintf)
c:/st/stm32cubeide_1.4.0/stm32cubeide/plugins/com.st.stm32cube.ide.mcu.externaltools.gnu-tools-for-stm32.7-2018-q2-update.win32_1.4.0.202007081208/tools/bin/../lib/gcc/arm-none-eabi/7.3.1/../../../../arm-none-eabi/lib/thumb/v7e-m/fpv4-sp/hard\libc_nano.a(lib_a-strcat.o)
                              Core/Src/main.o (strcat)
c:/st/stm32cubeide_1.4.0/stm32cubeide/plugins/com.st.stm32cube.ide.mcu.externaltools.gnu-tools-for-stm32.7-2018-q2-update.win32_1.4.0.202007081208/tools/bin/../lib/gcc/arm-none-eabi/7.3.1/../../../../arm-none-eabi/lib/thumb/v7e-m/fpv4-sp/hard\libc_nano.a(lib_a-strlen.o)
                              Core/Src/es_wifi.o (strlen)
[...]
Memory Configuration

Name             Origin             Length             Attributes
RAM              0x0000000020000000 0x0000000000018000 xrw
RAM2             0x0000000010000000 0x0000000000008000 xrw
FLASH            0x0000000008000000 0x0000000000100000 xr
*default*        0x0000000000000000 0xffffffffffffffff

Linker script and memory map

LOAD c:/st/stm32cubeide_1.4.0/stm32cubeide/plugins/com.st.stm32cube.ide.mcu.externaltools.gnu-tools-for-stm32.7-2018-q2-update.win32_1.4.0.202007081208/tools/bin/../lib/gcc/arm-none-eabi/7.3.1/thumb/v7e-m/fpv4-sp/hard/crti.o
LOAD c:/st/stm32cubeide_1.4.0/stm32cubeide/plugins/com.st.stm32cube.ide.mcu.externaltools.gnu-tools-for-stm32.7-2018-q2-update.win32_1.4.0.202007081208/tools/bin/../lib/gcc/arm-none-eabi/7.3.1/thumb/v7e-m/fpv4-sp/hard/crtbegin.o
LOAD c:/st/stm32cubeide_1.4.0/stm32cubeide/plugins/com.st.stm32cube.ide.mcu.externaltools.gnu-tools-for-stm32.7-2018-q2-update.win32_1.4.0.202007081208/tools/bin/../lib/gcc/arm-none-eabi/7.3.1/../../../../arm-none-eabi/lib/thumb/v7e-m/fpv4-sp/hard/crt0.o
LOAD Core/Src/MAX30105.o
LOAD Core/Src/es_wifi.o
LOAD Core/Src/es_wifi_io.o
LOAD Core/Src/heartRate.o
LOAD Core/Src/main.o
LOAD Core/Src/stm32l4xx_hal_msp.o
LOAD Core/Src/stm32l4xx_it.o
LOAD Core/Src/syscalls.o
LOAD Core/Src/sysmem.o
LOAD Core/Src/system_stm32l4xx.o
LOAD Core/Src/wifi.o
LOAD Core/Startup/startup_stm32l475vgtx.o
LOAD Drivers/STM32L4xx_HAL_Driver/Src/stm32l4xx_hal.o
LOAD Drivers/STM32L4xx_HAL_Driver/Src/stm32l4xx_hal_cortex.o
LOAD Drivers/STM32L4xx_HAL_Driver/Src/stm32l4xx_hal_dma.o
LOAD Drivers/STM32L4xx_HAL_Driver/Src/stm32l4xx_hal_dma_ex.o
LOAD Drivers/STM32L4xx_HAL_Driver/Src/stm32l4xx_hal_exti.o
LOAD Drivers/STM32L4xx_HAL_Driver/Src/stm32l4xx_hal_flash.o
LOAD Drivers/STM32L4xx_HAL_Driver/Src/stm32l4xx_hal_flash_ex.o
LOAD Drivers/STM32L4xx_HAL_Driver/Src/stm32l4xx_hal_flash_ramfunc.o
LOAD Drivers/STM32L4xx_HAL_Driver/Src/stm32l4xx_hal_gpio.o
LOAD Drivers/STM32L4xx_HAL_Driver/Src/stm32l4xx_hal_i2c.o
LOAD Drivers/STM32L4xx_HAL_Driver/Src/stm32l4xx_hal_i2c_ex.o
LOAD Drivers/STM32L4xx_HAL_Driver/Src/stm32l4xx_hal_iwdg.o
LOAD Drivers/STM32L4xx_HAL_Driver/Src/stm32l4xx_hal_pwr.o
LOAD Drivers/STM32L4xx_HAL_Driver/Src/stm32l4xx_hal_pwr_ex.o
LOAD Drivers/STM32L4xx_HAL_Driver/Src/stm32l4xx_hal_rcc.o
LOAD Drivers/STM32L4xx_HAL_Driver/Src/stm32l4xx_hal_rcc_ex.o
LOAD Drivers/STM32L4xx_HAL_Driver/Src/stm32l4xx_hal_spi.o
LOAD Drivers/STM32L4xx_HAL_Driver/Src/stm32l4xx_hal_spi_ex.o
LOAD Drivers/STM32L4xx_HAL_Driver/Src/stm32l4xx_hal_tim.o
LOAD Drivers/STM32L4xx_HAL_Driver/Src/stm32l4xx_hal_tim_ex.o
LOAD Drivers/STM32L4xx_HAL_Driver/Src/stm32l4xx_hal_uart.o
LOAD Drivers/STM32L4xx_HAL_Driver/Src/stm32l4xx_hal_uart_ex.o
LOAD Drivers/STM32L4xx_HAL_Driver/Src/stm32l4xx_ll_spi.o
START GROUP
LOAD c:/st/stm32cubeide_1.4.0/stm32cubeide/plugins/com.st.stm32cube.ide.mcu.externaltools.gnu-tools-for-stm32.7-2018-q2-update.win32_1.4.0.202007081208/tools/bin/../lib/gcc/arm-none-eabi/7.3.1/../../../../arm-none-eabi/lib/thumb/v7e-m/fpv4-sp/hard\libstdc++_nano.a
LOAD c:/st/stm32cubeide_1.4.0/stm32cubeide/plugins/com.st.stm32cube.ide.mcu.externaltools.gnu-tools-for-stm32.7-2018-q2-update.win32_1.4.0.202007081208/tools/bin/../lib/gcc/arm-none-eabi/7.3.1/../../../../arm-none-eabi/lib/thumb/v7e-m/fpv4-sp/hard\libsupc++_nano.a
END GROUP
LOAD c:/st/stm32cubeide_1.4.0/stm32cubeide/plugins/com.st.stm32cube.ide.mcu.externaltools.gnu-tools-for-stm32.7-2018-q2-update.win32_1.4.0.202007081208/tools/bin/../lib/gcc/arm-none-eabi/7.3.1/../../../../arm-none-eabi/lib/thumb/v7e-m/fpv4-sp/hard\libstdc++_nano.a
LOAD c:/st/stm32cubeide_1.4.0/stm32cubeide/plugins/com.st.stm32cube.ide.mcu.externaltools.gnu-tools-for-stm32.7-2018-q2-update.win32_1.4.0.202007081208/tools/bin/../lib/gcc/arm-none-eabi/7.3.1/../../../../arm-none-eabi/lib/thumb/v7e-m/fpv4-sp/hard\libm.a
LOAD c:/st/stm32cubeide_1.4.0/stm32cubeide/plugins/com.st.stm32cube.ide.mcu.externaltools.gnu-tools-for-stm32.7-2018-q2-update.win32_1.4.0.202007081208/tools/bin/../lib/gcc/arm-none-eabi/7.3.1/../../../../arm-none-eabi/lib/thumb/v7e-m/fpv4-sp/hard\libc_nano.a
START GROUP
LOAD c:/st/stm32cubeide_1.4.0/stm32cubeide/plugins/com.st.stm32cube.ide.mcu.externaltools.gnu-tools-for-stm32.7-2018-q2-update.win32_1.4.0.202007081208/tools/bin/../lib/gcc/arm-none-eabi/7.3.1/thumb/v7e-m/fpv4-sp/hard\libgcc.a
LOAD c:/st/stm32cubeide_1.4.0/stm32cubeide/plugins/com.st.stm32cube.ide.mcu.externaltools.gnu-tools-for-stm32.7-2018-q2-update.win32_1.4.0.202007081208/tools/bin/../lib/gcc/arm-none-eabi/7.3.1/../../../../arm-none-eabi/lib/thumb/v7e-m/fpv4-sp/hard\libc_nano.a
END GROUP
START GROUP
LOAD c:/st/stm32cubeide_1.4.0/stm32cubeide/plugins/com.st.stm32cube.ide.mcu.externaltools.gnu-tools-for-stm32.7-2018-q2-update.win32_1.4.0.202007081208/tools/bin/../lib/gcc/arm-none-eabi/7.3.1/thumb/v7e-m/fpv4-sp/hard\libgcc.a
LOAD c:/st/stm32cubeide_1.4.0/stm32cubeide/plugins/com.st.stm32cube.ide.mcu.externaltools.gnu-tools-for-stm32.7-2018-q2-update.win32_1.4.0.202007081208/tools/bin/../lib/gcc/arm-none-eabi/7.3.1/../../../../arm-none-eabi/lib/thumb/v7e-m/fpv4-sp/hard\libc_nano.a
END GROUP
LOAD c:/st/stm32cubeide_1.4.0/stm32cubeide/plugins/com.st.stm32cube.ide.mcu.externaltools.gnu-tools-for-stm32.7-2018-q2-update.win32_1.4.0.202007081208/tools/bin/../lib/gcc/arm-none-eabi/7.3.1/thumb/v7e-m/fpv4-sp/hard/crtend.o
LOAD c:/st/stm32cubeide_1.4.0/stm32cubeide/plugins/com.st.stm32cube.ide.mcu.externaltools.gnu-tools-for-stm32.7-2018-q2-update.win32_1.4.0.202007081208/tools/bin/../lib/gcc/arm-none-eabi/7.3.1/thumb/v7e-m/fpv4-sp/hard/crtn.o
                0x0000000020018000                _estack = (ORIGIN (RAM) + LENGTH (RAM))
                0x0000000000000200                _Min_Heap_Size = 0x200
                0x0000000000000400                _Min_Stack_Size = 0x400

.isr_vector     0x0000000008000000      0x188
                0x0000000008000000                . = ALIGN (0x4)
 *(.isr_vector)
 .isr_vector    0x0000000008000000      0x188 Core/Startup/startup_stm32l475vgtx.o
                0x0000000008000000                g_pfnVectors
                0x0000000008000188                . = ALIGN (0x4)

.text           0x0000000008000190     0xaa60
                0x0000000008000190                . = ALIGN (0x4)
 *(.text)
 .text          0x0000000008000190       0x40 c:/st/stm32cubeide_1.4.0/stm32cubeide/plugins/com.st.stm32cube.ide.mcu.externaltools.gnu-tools-for-stm32.7-2018-q2-update.win32_1.4.0.202007081208/tools/bin/../lib/gcc/arm-none-eabi/7.3.1/thumb/v7e-m/fpv4-sp/hard/crtbegin.o
 .text          0x00000000080001d0       0x10 c:/st/stm32cubeide_1.4.0/stm32cubeide/plugins/com.st.stm32cube.ide.mcu.externaltools.gnu-tools-for-stm32.7-2018-q2-update.win32_1.4.0.202007081208/tools/bin/../lib/gcc/arm-none-eabi/7.3.1/../../../../arm-none-eabi/lib/thumb/v7e-m/fpv4-sp/hard\libc_nano.a(lib_a-strlen.o)
                0x00000000080001d0                strlen
 .text          0x00000000080001e0       0xa0 c:/st/stm32cubeide_1.4.0/stm32cubeide/plugins/com.st.stm32cube.ide.mcu.externaltools.gnu-tools-for-stm32.7-2018-q2-update.win32_1.4.0.202007081208/tools/bin/../lib/gcc/arm-none-eabi/7.3.1/../../../../arm-none-eabi/lib/thumb/v7e-m/fpv4-sp/hard\libc_nano.a(lib_a-memchr.o)
                0x00000000080001e0                memchr
 .text          0x0000000008000280      0x378 c:/st/stm32cubeide_1.4.0/stm32cubeide/plugins/com.st.stm32cube.ide.mcu.externaltools.gnu-tools-for-stm32.7-2018-q2-update.win32_1.4.0.202007081208/tools/bin/../lib/gcc/arm-none-eabi/7.3.1/thumb/v7e-m/fpv4-sp/hard\libgcc.a(_arm_addsubdf3.o)
                0x0000000008000280                __aeabi_drsub
                0x0000000008000288                __aeabi_dsub
                0x0000000008000288                __subdf3
                0x000000000800028c                __aeabi_dadd
                0x000000000800028c                __adddf3
                0x0000000008000504                __floatunsidf
                0x0000000008000504                __aeabi_ui2d
                0x0000000008000524                __floatsidf
                0x0000000008000524                __aeabi_i2d
                0x0000000008000548                __aeabi_f2d
                0x0000000008000548                __extendsfdf2
                0x000000000800058c                __floatundidf
                0x000000000800058c                __aeabi_ul2d
                0x000000000800059c                __floatdidf
                0x000000000800059c                __aeabi_l2d
 .text          0x00000000080005f8      0x424 c:/st/stm32cubeide_1.4.0/stm32cubeide/plugins/com.st.stm32cube.ide.mcu.externaltools.gnu-tools-for-stm32.7-2018-q2-update.win32_1.4.0.202007081208/tools/bin/../lib/gcc/arm-none-eabi/7.3.1/thumb/v7e-m/fpv4-sp/hard\libgcc.a(_arm_muldivdf3.o)
                0x00000000080005f8                __aeabi_dmul
                0x00000000080005f8                __muldf3
                0x000000000800084c                __divdf3
                0x000000000800084c                __aeabi_ddiv
 .text          0x0000000008000a1c       0xa0 c:/st/stm32cubeide_1.4.0/stm32cubeide/plugins/com.st.stm32cube.ide.mcu.externaltools.gnu-tools-for-stm32.7-2018-q2-update.win32_1.4.0.202007081208/tools/bin/../lib/gcc/arm-none-eabi/7.3.1/thumb/v7e-m/fpv4-sp/hard\libgcc.a(_arm_truncdfsf2.o)
                0x0000000008000a1c                __truncdfsf2
                0x0000000008000a1c                __aeabi_d2f
 .text          0x0000000008000abc       0x30 c:/st/stm32cubeide_1.4.0/stm32cubeide/plugins/com.st.stm32cube.ide.mcu.externaltools.gnu-tools-for-stm32.7-2018-q2-update.win32_1.4.0.202007081208/tools/bin/../lib/gcc/arm-none-eabi/7.3.1/thumb/v7e-m/fpv4-sp/hard\libgcc.a(_aeabi_uldivmod.o)
                0x0000000008000abc                __aeabi_uldivmod
 .text          0x0000000008000aec      0x2cc c:/st/stm32cubeide_1.4.0/stm32cubeide/plugins/com.st.stm32cube.ide.mcu.externaltools.gnu-tools-for-stm32.7-2018-q2-update.win32_1.4.0.202007081208/tools/bin/../lib/gcc/arm-none-eabi/7.3.1/thumb/v7e-m/fpv4-sp/hard\libgcc.a(_udivmoddi4.o)
                0x0000000008000aec                __udivmoddi4
 .text          0x0000000008000db8        0x4 c:/st/stm32cubeide_1.4.0/stm32cubeide/plugins/com.st.stm32cube.ide.mcu.externaltools.gnu-tools-for-stm32.7-2018-q2-update.win32_1.4.0.202007081208/tools/bin/../lib/gcc/arm-none-eabi/7.3.1/thumb/v7e-m/fpv4-sp/hard\libgcc.a(_dvmd_tls.o)
                0x0000000008000db8                __aeabi_idiv0
                0x0000000008000db8                __aeabi_ldiv0
 *(.text*)
 .text._ZN8MAX30105C2Ev
                0x0000000008000dbc       0x16 Core/Src/MAX30105.o
                0x0000000008000dbc                MAX30105::MAX30105()
                0x0000000008000dbc                MAX30105::MAX30105()
 .text._ZN8MAX301055beginEP19__I2C_HandleTypeDefh
                0x0000000008000dd2       0x44 Core/Src/MAX30105.o
                0x0000000008000dd2                MAX30105::begin(__I2C_HandleTypeDef*, unsigned char)
 .text._ZN8MAX301059softResetEv
                0x0000000008000e16       0x66 Core/Src/MAX30105.o
                0x0000000008000e16                MAX30105::softReset()
 .text._ZN8MAX3010510setLEDModeEh
                0x0000000008000e7c       0x20 Core/Src/MAX30105.o
                0x0000000008000e7c                MAX30105::setLEDMode(unsigned char)
 .text._ZN8MAX3010511setADCRangeEh
                0x0000000008000e9c       0x20 Core/Src/MAX30105.o
                0x0000000008000e9c                MAX30105::setADCRange(unsigned char)
 .text._ZN8MAX3010513setSampleRateEh
                0x0000000008000ebc       0x20 Core/Src/MAX30105.o
                0x0000000008000ebc                MAX30105::setSampleRate(unsigned char)
 .text._ZN8MAX3010513setPulseWidthEh
                0x0000000008000edc       0x20 Core/Src/MAX30105.o
                0x0000000008000edc                MAX30105::setPulseWidth(unsigned char)
 .text._ZN8MAX3010520setPulseAmplitudeRedEh
                0x0000000008000efc       0x22 Core/Src/MAX30105.o
                0x0000000008000efc                MAX30105::setPulseAmplitudeRed(unsigned char)
 .text._ZN8MAX3010519setPulseAmplitudeIREh
                0x0000000008000f1e       0x22 Core/Src/MAX30105.o
                0x0000000008000f1e                MAX30105::setPulseAmplitudeIR(unsigned char)
 .text._ZN8MAX3010522setPulseAmplitudeGreenEh
                0x0000000008000f40       0x22 Core/Src/MAX30105.o
                0x0000000008000f40                MAX30105::setPulseAmplitudeGreen(unsigned char)
 .text._ZN8MAX3010526setPulseAmplitudeProximityEh
                0x0000000008000f62       0x22 Core/Src/MAX30105.o
                0x0000000008000f62                MAX30105::setPulseAmplitudeProximity(unsigned char)
 .text._ZN8MAX3010510enableSlotEhh
                0x0000000008000f84       0x7c Core/Src/MAX30105.o
                0x0000000008000f84                MAX30105::enableSlot(unsigned char, unsigned char)
 .text._ZN8MAX3010514setFIFOAverageEh
                0x0000000008001000       0x20 Core/Src/MAX30105.o
                0x0000000008001000                MAX30105::setFIFOAverage(unsigned char)
 .text._ZN8MAX301059clearFIFOEv
                0x0000000008001020       0x3a Core/Src/MAX30105.o
                0x0000000008001020                MAX30105::clearFIFO()
 .text._ZN8MAX3010518enableFIFORolloverEv
                0x000000000800105a       0x1c Core/Src/MAX30105.o
                0x000000000800105a                MAX30105::enableFIFORollover()
 .text._ZN8MAX3010515getWritePointerEv
                0x0000000008001076       0x20 Core/Src/MAX30105.o
                0x0000000008001076                MAX30105::getWritePointer()
 .text._ZN8MAX3010514getReadPointerEv
                0x0000000008001096       0x20 Core/Src/MAX30105.o
                0x0000000008001096                MAX30105::getReadPointer()
 .text._ZN8MAX3010510readPartIDEv
                0x00000000080010b6       0x20 Core/Src/MAX30105.o
                0x00000000080010b6                MAX30105::readPartID()
 .text._ZN8MAX3010514readRevisionIDEv
                0x00000000080010d6       0x26 Core/Src/MAX30105.o
                0x00000000080010d6                MAX30105::readRevisionID()
 .text._ZN8MAX301055setupEhhhiii
                0x00000000080010fc      0x24e Core/Src/MAX30105.o
                0x00000000080010fc                MAX30105::setup(unsigned char, unsigned char, unsigned char, int, int, int)
 .text._ZN8MAX301055getIREv
                0x000000000800134a       0x32 Core/Src/MAX30105.o
                0x000000000800134a                MAX30105::getIR()
 .text._ZN8MAX301055checkEv
                0x000000000800137c      0x21a Core/Src/MAX30105.o
                0x000000000800137c                MAX30105::check()
 .text._ZN8MAX301059safeCheckEh
                0x0000000008001596       0x60 Core/Src/MAX30105.o
                0x0000000008001596                MAX30105::safeCheck(unsigned char)
 .text._ZN8MAX301057bitMaskEhhh
                0x00000000080015f6       0x50 Core/Src/MAX30105.o
                0x00000000080015f6                MAX30105::bitMask(unsigned char, unsigned char, unsigned char)
 .text._ZN8MAX3010513readRegister8Ehh
                0x0000000008001646       0x3a Core/Src/MAX30105.o
                0x0000000008001646                MAX30105::readRegister8(unsigned char, unsigned char)
 .text._ZN8MAX301058readMultEhhPht
                0x0000000008001680       0x38 Core/Src/MAX30105.o
                0x0000000008001680                MAX30105::readMult(unsigned char, unsigned char, unsigned char*, unsigned short)
 .text._ZN8MAX3010514writeRegister8Ehhh
                0x00000000080016b8       0x40 Core/Src/MAX30105.o
                0x00000000080016b8                MAX30105::writeRegister8(unsigned char, unsigned char, unsigned char)
 .text._ZN8MAX301056millisEv
                0x00000000080016f8       0x16 Core/Src/MAX30105.o
                0x00000000080016f8                MAX30105::millis()
 .text._ZN8MAX301055delayEm
                0x000000000800170e       0x18 Core/Src/MAX30105.o
                0x000000000800170e                MAX30105::delay(unsigned long)
 .text.Hex2Num  0x0000000008001726       0x54 Core/Src/es_wifi.o
 .text.ParseHexNumber
                0x000000000800177a       0x80 Core/Src/es_wifi.o
 .text.ParseNumber
                0x00000000080017fa       0x88 Core/Src/es_wifi.o
 .text.ParseMAC
                0x0000000008001882       0x54 Core/Src/es_wifi.o
 .text.ParseIP  0x00000000080018d6       0x54 Core/Src/es_wifi.o
 *fill*         0x000000000800192a        0x2 
 .text.AT_ParseInfo
                0x000000000800192c       0xec Core/Src/es_wifi.o
 .text.AT_ParseConnSettings
                0x0000000008001a18      0x160 Core/Src/es_wifi.o
 .text.AT_ParseIsConnected
                0x0000000008001b78       0x2c Core/Src/es_wifi.o
 .text.AT_ExecuteCommand
                0x0000000008001ba4       0xcc Core/Src/es_wifi.o
 .text.AT_RequestSendData
                0x0000000008001c70       0xec Core/Src/es_wifi.o
 .text.AT_RequestReceiveData
                0x0000000008001d5c      0x12c Core/Src/es_wifi.o
 .text.ES_WIFI_Init
                0x0000000008001e88       0x5c Core/Src/es_wifi.o
                0x0000000008001e88                ES_WIFI_Init
 .text.ES_WIFI_RegisterBusIO
                0x0000000008001ee4       0x66 Core/Src/es_wifi.o
                0x0000000008001ee4                ES_WIFI_RegisterBusIO
 *fill*         0x0000000008001f4a        0x2 
 .text.ES_WIFI_Connect
                0x0000000008001f4c       0xec Core/Src/es_wifi.o
                0x0000000008001f4c                ES_WIFI_Connect
 .text.ES_WIFI_IsConnected
                0x0000000008002038       0x58 Core/Src/es_wifi.o
                0x0000000008002038                ES_WIFI_IsConnected
 .text.ES_WIFI_GetNetworkSettings
                0x0000000008002090       0x54 Core/Src/es_wifi.o
                0x0000000008002090                ES_WIFI_GetNetworkSettings
 .text.ES_WIFI_GetMACAddress
                0x00000000080020e4       0x60 Core/Src/es_wifi.o
                0x00000000080020e4                ES_WIFI_GetMACAddress
 .text.ES_WIFI_StartServerSingleConn
                0x0000000008002144      0x168 Core/Src/es_wifi.o
                0x0000000008002144                ES_WIFI_StartServerSingleConn
 .text.ES_WIFI_WaitServerConnection
                0x00000000080022ac      0x240 Core/Src/es_wifi.o
                0x00000000080022ac                ES_WIFI_WaitServerConnection
 .text.ES_WIFI_CloseServerConnection
                0x00000000080024ec       0xc4 Core/Src/es_wifi.o
                0x00000000080024ec                ES_WIFI_CloseServerConnection
 .text.ES_WIFI_StopServerSingleConn
                0x00000000080025b0       0xc4 Core/Src/es_wifi.o
                0x00000000080025b0                ES_WIFI_StopServerSingleConn
 .text.ES_WIFI_SendData
                0x0000000008002674      0x178 Core/Src/es_wifi.o
                0x0000000008002674                ES_WIFI_SendData
 .text.ES_WIFI_ReceiveData
                0x00000000080027ec      0x17c Core/Src/es_wifi.o
                0x00000000080027ec                ES_WIFI_ReceiveData
 .text.SPI_WIFI_MspInit
                0x0000000008002968      0x178 Core/Src/es_wifi_io.o
                0x0000000008002968                SPI_WIFI_MspInit
 .text.SPI_WIFI_Init
                0x0000000008002ae0       0xbc Core/Src/es_wifi_io.o
                0x0000000008002ae0                SPI_WIFI_Init
 .text.SPI_WIFI_ResetModule
                0x0000000008002b9c       0xe0 Core/Src/es_wifi_io.o
                0x0000000008002b9c                SPI_WIFI_ResetModule
 .text.SPI_WIFI_DeInit
                0x0000000008002c7c       0x14 Core/Src/es_wifi_io.o
                0x0000000008002c7c                SPI_WIFI_DeInit
 .text.wait_cmddata_rdy_high
                0x0000000008002c90       0x44 Core/Src/es_wifi_io.o
 .text.wait_cmddata_rdy_rising_event
                0x0000000008002cd4       0x40 Core/Src/es_wifi_io.o
 .text.wait_spi_rx_event
                0x0000000008002d14       0x40 Core/Src/es_wifi_io.o
 .text.wait_spi_tx_event
                0x0000000008002d54       0x40 Core/Src/es_wifi_io.o
 .text.SPI_WIFI_ReceiveData
                0x0000000008002d94       0xf4 Core/Src/es_wifi_io.o
                0x0000000008002d94                SPI_WIFI_ReceiveData
 .text.SPI_WIFI_SendData
                0x0000000008002e88       0xdc Core/Src/es_wifi_io.o
                0x0000000008002e88                SPI_WIFI_SendData
 .text.SPI_WIFI_Delay
                0x0000000008002f64       0x16 Core/Src/es_wifi_io.o
                0x0000000008002f64                SPI_WIFI_Delay
 *fill*         0x0000000008002f7a        0x2 
 .text.SPI_WIFI_DelayUs
                0x0000000008002f7c       0xa4 Core/Src/es_wifi_io.o
 .text.HAL_SPI_RxCpltCallback
                0x0000000008003020       0x28 Core/Src/es_wifi_io.o
                0x0000000008003020                HAL_SPI_RxCpltCallback
 .text.HAL_SPI_TxCpltCallback
                0x0000000008003048       0x28 Core/Src/es_wifi_io.o
                0x0000000008003048                HAL_SPI_TxCpltCallback
 .text.SPI_WIFI_ISR
                0x0000000008003070       0x20 Core/Src/es_wifi_io.o
                0x0000000008003070                SPI_WIFI_ISR
 .text._Z12checkForBeatl
                0x0000000008003090      0x1a0 Core/Src/heartRate.o
                0x0000000008003090                checkForBeat(long)
 .text._Z18averageDCEstimatorPlt
                0x0000000008003230       0x36 Core/Src/heartRate.o
                0x0000000008003230                averageDCEstimator(long*, unsigned short)
 *fill*         0x0000000008003266        0x2 
 .text._Z16lowPassFIRFilters
                0x0000000008003268       0xc8 Core/Src/heartRate.o
                0x0000000008003268                lowPassFIRFilter(short)
 .text._Z5mul16ss
                0x0000000008003330       0x28 Core/Src/heartRate.o
                0x0000000008003330                mul16(short, short)
 .text.main     0x0000000008003358       0x84 Core/Src/main.o
                0x0000000008003358                main
 .text._ZL10wifi_startv
                0x00000000080033dc       0xa8 Core/Src/main.o
 .text._ZL12wifi_connectv
                0x0000000008003484       0xd8 Core/Src/main.o
 .text._ZL11wifi_serverv
                0x000000000800355c      0x364 Core/Src/main.o
 .text._ZL16WebServerProcessv
                0x00000000080038c0      0x160 Core/Src/main.o
 .text._ZL11SendWebPageht
                0x0000000008003a20      0x188 Core/Src/main.o
 .text._Z18SystemClock_Configv
                0x0000000008003ba8      0x11a Core/Src/main.o
                0x0000000008003ba8                SystemClock_Config()
 *fill*         0x0000000008003cc2        0x2 
 .text._ZL12MX_I2C1_Initv
                0x0000000008003cc4       0x9c Core/Src/main.o
 .text._ZL13MX_TIM16_Initv
                0x0000000008003d60       0x58 Core/Src/main.o
 .text._ZL19MX_USART1_UART_Initv
                0x0000000008003db8       0x68 Core/Src/main.o
 .text._ZL12MX_GPIO_Initv
                0x0000000008003e20      0x430 Core/Src/main.o
 .text.HAL_GPIO_EXTI_Callback
                0x0000000008004250       0x20 Core/Src/main.o
                0x0000000008004250                HAL_GPIO_EXTI_Callback
 .text.SPI3_IRQHandler
                0x0000000008004270       0x14 Core/Src/main.o
                0x0000000008004270                SPI3_IRQHandler
 .text._Z11serialPrintPc
                0x0000000008004284       0x2c Core/Src/main.o
                0x0000000008004284                serialPrint(char*)
 .text.HAL_TIM_PeriodElapsedCallback
                0x00000000080042b0       0x5c Core/Src/main.o
                0x00000000080042b0                HAL_TIM_PeriodElapsedCallback
 .text.Error_Handler
                0x000000000800430c        0xe Core/Src/main.o
                0x000000000800430c                Error_Handler
 *fill*         0x000000000800431a        0x2 
 .text._Z41__static_initialization_and_destruction_0ii
                0x000000000800431c       0x2c Core/Src/main.o
 .text._GLOBAL__sub_I_bufferBad
                0x0000000008004348       0x10 Core/Src/main.o
 .text.HAL_MspInit
                0x0000000008004358       0x48 Core/Src/stm32l4xx_hal_msp.o
                0x0000000008004358                HAL_MspInit
 .text.HAL_I2C_MspInit
                0x00000000080043a0       0x88 Core/Src/stm32l4xx_hal_msp.o
                0x00000000080043a0                HAL_I2C_MspInit
 .text.HAL_TIM_Base_MspInit
                0x0000000008004428       0x4c Core/Src/stm32l4xx_hal_msp.o
                0x0000000008004428                HAL_TIM_Base_MspInit
 .text.HAL_UART_MspInit
                0x0000000008004474       0x88 Core/Src/stm32l4xx_hal_msp.o
                0x0000000008004474                HAL_UART_MspInit
 .text.NMI_Handler
                0x00000000080044fc        0xe Core/Src/stm32l4xx_it.o
                0x00000000080044fc                NMI_Handler
 .text.HardFault_Handler
                0x000000000800450a        0x6 Core/Src/stm32l4xx_it.o
                0x000000000800450a                HardFault_Handler
 .text.MemManage_Handler
                0x0000000008004510        0x6 Core/Src/stm32l4xx_it.o
                0x0000000008004510                MemManage_Handler
 .text.BusFault_Handler
                0x0000000008004516        0x6 Core/Src/stm32l4xx_it.o
                0x0000000008004516                BusFault_Handler
 .text.UsageFault_Handler
                0x000000000800451c        0x6 Core/Src/stm32l4xx_it.o
                0x000000000800451c                UsageFault_Handler
 .text.SVC_Handler
                0x0000000008004522        0xe Core/Src/stm32l4xx_it.o
                0x0000000008004522                SVC_Handler
 .text.DebugMon_Handler
                0x0000000008004530        0xe Core/Src/stm32l4xx_it.o
                0x0000000008004530                DebugMon_Handler
 .text.PendSV_Handler
                0x000000000800453e        0xe Core/Src/stm32l4xx_it.o
                0x000000000800453e                PendSV_Handler
 .text.SysTick_Handler
                0x000000000800454c        0xc Core/Src/stm32l4xx_it.o
                0x000000000800454c                SysTick_Handler
 .text.EXTI1_IRQHandler
                0x0000000008004558        0xe Core/Src/stm32l4xx_it.o
                0x0000000008004558                EXTI1_IRQHandler
 .text.EXTI9_5_IRQHandler
                0x0000000008004566       0x22 Core/Src/stm32l4xx_it.o
                0x0000000008004566                EXTI9_5_IRQHandler
 .text.TIM1_UP_TIM16_IRQHandler
                0x0000000008004588       0x14 Core/Src/stm32l4xx_it.o
                0x0000000008004588                TIM1_UP_TIM16_IRQHandler
 .text.EXTI15_10_IRQHandler
                0x000000000800459c       0x30 Core/Src/stm32l4xx_it.o
                0x000000000800459c                EXTI15_10_IRQHandler
 .text._read    0x00000000080045cc       0x3a Core/Src/syscalls.o
                0x00000000080045cc                _read
 .text._write   0x0000000008004606       0x38 Core/Src/syscalls.o
                0x0000000008004606                _write
 .text._close   0x000000000800463e       0x18 Core/Src/syscalls.o
                0x000000000800463e                _close
 .text._fstat   0x0000000008004656       0x20 Core/Src/syscalls.o
                0x0000000008004656                _fstat
 .text._isatty  0x0000000008004676       0x16 Core/Src/syscalls.o
                0x0000000008004676                _isatty
 .text._lseek   0x000000000800468c       0x1a Core/Src/syscalls.o
                0x000000000800468c                _lseek
 *fill*         0x00000000080046a6        0x2 
 .text._sbrk    0x00000000080046a8       0x6c Core/Src/sysmem.o
                0x00000000080046a8                _sbrk
 .text.SystemInit
                0x0000000008004714       0x6c Core/Src/system_stm32l4xx.o
                0x0000000008004714                SystemInit
 .text.WIFI_Init
                0x0000000008004780       0x58 Core/Src/wifi.o
                0x0000000008004780                WIFI_Init
 .text.WIFI_Connect
                0x00000000080047d8       0x44 Core/Src/wifi.o
                0x00000000080047d8                WIFI_Connect
 .text.WIFI_GetMAC_Address
                0x000000000800481c       0x2c Core/Src/wifi.o
                0x000000000800481c                WIFI_GetMAC_Address
 .text.WIFI_GetIP_Address
                0x0000000008004848       0x38 Core/Src/wifi.o
                0x0000000008004848                WIFI_GetIP_Address
 .text.WIFI_StartServer
                0x0000000008004880       0x60 Core/Src/wifi.o
                0x0000000008004880                WIFI_StartServer
 .text.WIFI_WaitServerConnection
                0x00000000080048e0       0x88 Core/Src/wifi.o
                0x00000000080048e0                WIFI_WaitServerConnection
 .text.WIFI_CloseServerConnection
                0x0000000008004968       0x2c Core/Src/wifi.o
                0x0000000008004968                WIFI_CloseServerConnection
 .text.WIFI_StopServer
                0x0000000008004994       0x30 Core/Src/wifi.o
                0x0000000008004994                WIFI_StopServer
 .text.WIFI_SendData
                0x00000000080049c4       0x44 Core/Src/wifi.o
                0x00000000080049c4                WIFI_SendData
 .text.WIFI_ReceiveData
                0x0000000008004a08       0x44 Core/Src/wifi.o
                0x0000000008004a08                WIFI_ReceiveData
 .text.Reset_Handler
                0x0000000008004a4c       0x50 Core/Startup/startup_stm32l475vgtx.o
                0x0000000008004a4c                Reset_Handler
 .text.Default_Handler
                0x0000000008004a9c        0x2 Core/Startup/startup_stm32l475vgtx.o
                0x0000000008004a9c                RTC_Alarm_IRQHandler
                0x0000000008004a9c                EXTI2_IRQHandler
                0x0000000008004a9c                TIM8_TRG_COM_IRQHandler
                0x0000000008004a9c                TIM8_CC_IRQHandler
                0x0000000008004a9c                TIM1_CC_IRQHandler
                0x0000000008004a9c                TSC_IRQHandler
                0x0000000008004a9c                TAMP_STAMP_IRQHandler
                0x0000000008004a9c                EXTI3_IRQHandler
                0x0000000008004a9c                LPTIM2_IRQHandler
                0x0000000008004a9c                DFSDM1_FLT1_IRQHandler
                0x0000000008004a9c                I2C3_ER_IRQHandler
                0x0000000008004a9c                DFSDM1_FLT2_IRQHandler
                0x0000000008004a9c                EXTI0_IRQHandler
                0x0000000008004a9c                I2C2_EV_IRQHandler
                0x0000000008004a9c                CAN1_RX0_IRQHandler
                0x0000000008004a9c                FPU_IRQHandler
                0x0000000008004a9c                ADC1_2_IRQHandler
                0x0000000008004a9c                SPI1_IRQHandler
                0x0000000008004a9c                TIM6_DAC_IRQHandler
                0x0000000008004a9c                TIM8_UP_IRQHandler
                0x0000000008004a9c                DMA2_Channel2_IRQHandler
                0x0000000008004a9c                DMA1_Channel4_IRQHandler
                0x0000000008004a9c                SAI2_IRQHandler
                0x0000000008004a9c                DFSDM1_FLT3_IRQHandler
                0x0000000008004a9c                USART3_IRQHandler
                0x0000000008004a9c                DMA1_Channel7_IRQHandler
                0x0000000008004a9c                CAN1_RX1_IRQHandler
                0x0000000008004a9c                UART5_IRQHandler
                0x0000000008004a9c                ADC3_IRQHandler
                0x0000000008004a9c                TIM4_IRQHandler
                0x0000000008004a9c                DMA2_Channel1_IRQHandler
                0x0000000008004a9c                QUADSPI_IRQHandler
                0x0000000008004a9c                I2C1_EV_IRQHandler
                0x0000000008004a9c                DMA1_Channel6_IRQHandler
                0x0000000008004a9c                UART4_IRQHandler
                0x0000000008004a9c                DMA2_Channel4_IRQHandler
                0x0000000008004a9c                TIM3_IRQHandler
                0x0000000008004a9c                RCC_IRQHandler
                0x0000000008004a9c                DMA1_Channel1_IRQHandler
                0x0000000008004a9c                Default_Handler
                0x0000000008004a9c                DMA2_Channel7_IRQHandler
                0x0000000008004a9c                TIM7_IRQHandler
                0x0000000008004a9c                SDMMC1_IRQHandler
                0x0000000008004a9c                TIM5_IRQHandler
                0x0000000008004a9c                I2C3_EV_IRQHandler
                0x0000000008004a9c                RTC_WKUP_IRQHandler
                0x0000000008004a9c                PVD_PVM_IRQHandler
                0x0000000008004a9c                SPI2_IRQHandler
                0x0000000008004a9c                CAN1_TX_IRQHandler
                0x0000000008004a9c                DMA2_Channel5_IRQHandler
                0x0000000008004a9c                DMA1_Channel5_IRQHandler
                0x0000000008004a9c                EXTI4_IRQHandler
                0x0000000008004a9c                RNG_IRQHandler
                0x0000000008004a9c                TIM1_TRG_COM_TIM17_IRQHandler
                0x0000000008004a9c                DMA1_Channel3_IRQHandler
                0x0000000008004a9c                COMP_IRQHandler
                0x0000000008004a9c                WWDG_IRQHandler
                0x0000000008004a9c                LPUART1_IRQHandler
                0x0000000008004a9c                DMA2_Channel6_IRQHandler
                0x0000000008004a9c                TIM2_IRQHandler
                0x0000000008004a9c                USART2_IRQHandler
                0x0000000008004a9c                DFSDM1_FLT0_IRQHandler
                0x0000000008004a9c                I2C2_ER_IRQHandler
                0x0000000008004a9c                DMA1_Channel2_IRQHandler
                0x0000000008004a9c                TIM8_BRK_IRQHandler
                0x0000000008004a9c                CAN1_SCE_IRQHandler
                0x0000000008004a9c                FLASH_IRQHandler
                0x0000000008004a9c                USART1_IRQHandler
                0x0000000008004a9c                OTG_FS_IRQHandler
                0x0000000008004a9c                I2C1_ER_IRQHandler
                0x0000000008004a9c                FMC_IRQHandler
                0x0000000008004a9c                SWPMI1_IRQHandler
                0x0000000008004a9c                LPTIM1_IRQHandler
                0x0000000008004a9c                SAI1_IRQHandler
                0x0000000008004a9c                DMA2_Channel3_IRQHandler
                0x0000000008004a9c                TIM1_BRK_TIM15_IRQHandler
 .text.HAL_Init
                0x0000000008004a9e       0x30 Drivers/STM32L4xx_HAL_Driver/Src/stm32l4xx_hal.o
                0x0000000008004a9e                HAL_Init
 *fill*         0x0000000008004ace        0x2 
 .text.HAL_InitTick
                0x0000000008004ad0       0x78 Drivers/STM32L4xx_HAL_Driver/Src/stm32l4xx_hal.o
                0x0000000008004ad0                HAL_InitTick
 .text.HAL_IncTick
                0x0000000008004b48       0x28 Drivers/STM32L4xx_HAL_Driver/Src/stm32l4xx_hal.o
                0x0000000008004b48                HAL_IncTick
 .text.HAL_GetTick
                0x0000000008004b70       0x18 Drivers/STM32L4xx_HAL_Driver/Src/stm32l4xx_hal.o
                0x0000000008004b70                HAL_GetTick
 .text.HAL_Delay
                0x0000000008004b88       0x44 Drivers/STM32L4xx_HAL_Driver/Src/stm32l4xx_hal.o
                0x0000000008004b88                HAL_Delay
 .text.__NVIC_SetPriorityGrouping
                0x0000000008004bcc       0x48 Drivers/STM32L4xx_HAL_Driver/Src/stm32l4xx_hal_cortex.o
 .text.__NVIC_GetPriorityGrouping
                0x0000000008004c14       0x1c Drivers/STM32L4xx_HAL_Driver/Src/stm32l4xx_hal_cortex.o
 .text.__NVIC_EnableIRQ
                0x0000000008004c30       0x3c Drivers/STM32L4xx_HAL_Driver/Src/stm32l4xx_hal_cortex.o
 .text.__NVIC_SetPriority
                0x0000000008004c6c       0x54 Drivers/STM32L4xx_HAL_Driver/Src/stm32l4xx_hal_cortex.o
 .text.NVIC_EncodePriority
                0x0000000008004cc0       0x66 Drivers/STM32L4xx_HAL_Driver/Src/stm32l4xx_hal_cortex.o
 *fill*         0x0000000008004d26        0x2 
 .text.SysTick_Config
                0x0000000008004d28       0x44 Drivers/STM32L4xx_HAL_Driver/Src/stm32l4xx_hal_cortex.o
 .text.HAL_NVIC_SetPriorityGrouping
                0x0000000008004d6c       0x16 Drivers/STM32L4xx_HAL_Driver/Src/stm32l4xx_hal_cortex.o
                0x0000000008004d6c                HAL_NVIC_SetPriorityGrouping
 .text.HAL_NVIC_SetPriority
                0x0000000008004d82       0x38 Drivers/STM32L4xx_HAL_Driver/Src/stm32l4xx_hal_cortex.o
                0x0000000008004d82                HAL_NVIC_SetPriority
 .text.HAL_NVIC_EnableIRQ
                0x0000000008004dba       0x1c Drivers/STM32L4xx_HAL_Driver/Src/stm32l4xx_hal_cortex.o
                0x0000000008004dba                HAL_NVIC_EnableIRQ
 .text.HAL_SYSTICK_Config
                0x0000000008004dd6       0x18 Drivers/STM32L4xx_HAL_Driver/Src/stm32l4xx_hal_cortex.o
                0x0000000008004dd6                HAL_SYSTICK_Config
 .text.HAL_DMA_Abort_IT
                0x0000000008004dee       0x82 Drivers/STM32L4xx_HAL_Driver/Src/stm32l4xx_hal_dma.o
                0x0000000008004dee                HAL_DMA_Abort_IT
 .text.HAL_GPIO_Init
                0x0000000008004e70      0x350 Drivers/STM32L4xx_HAL_Driver/Src/stm32l4xx_hal_gpio.o
                0x0000000008004e70                HAL_GPIO_Init
 .text.HAL_GPIO_ReadPin
                0x00000000080051c0       0x30 Drivers/STM32L4xx_HAL_Driver/Src/stm32l4xx_hal_gpio.o
                0x00000000080051c0                HAL_GPIO_ReadPin
 .text.HAL_GPIO_WritePin
                0x00000000080051f0       0x30 Drivers/STM32L4xx_HAL_Driver/Src/stm32l4xx_hal_gpio.o
                0x00000000080051f0                HAL_GPIO_WritePin
 .text.HAL_GPIO_EXTI_IRQHandler
                0x0000000008005220       0x30 Drivers/STM32L4xx_HAL_Driver/Src/stm32l4xx_hal_gpio.o
                0x0000000008005220                HAL_GPIO_EXTI_IRQHandler
 .text.HAL_I2C_Init
                0x0000000008005250      0x11e Drivers/STM32L4xx_HAL_Driver/Src/stm32l4xx_hal_i2c.o
                0x0000000008005250                HAL_I2C_Init
 *fill*         0x000000000800536e        0x2 
 .text.HAL_I2C_Mem_Write
                0x0000000008005370      0x228 Drivers/STM32L4xx_HAL_Driver/Src/stm32l4xx_hal_i2c.o
                0x0000000008005370                HAL_I2C_Mem_Write
 .text.HAL_I2C_Mem_Read
                0x0000000008005598      0x234 Drivers/STM32L4xx_HAL_Driver/Src/stm32l4xx_hal_i2c.o
                0x0000000008005598                HAL_I2C_Mem_Read
 .text.I2C_RequestMemoryWrite
                0x00000000080057cc       0xa8 Drivers/STM32L4xx_HAL_Driver/Src/stm32l4xx_hal_i2c.o
 .text.I2C_RequestMemoryRead
                0x0000000008005874       0xa8 Drivers/STM32L4xx_HAL_Driver/Src/stm32l4xx_hal_i2c.o
 .text.I2C_Flush_TXDR
                0x000000000800591c       0x48 Drivers/STM32L4xx_HAL_Driver/Src/stm32l4xx_hal_i2c.o
 .text.I2C_WaitOnFlagUntilTimeout
                0x0000000008005964       0x80 Drivers/STM32L4xx_HAL_Driver/Src/stm32l4xx_hal_i2c.o
 .text.I2C_WaitOnTXISFlagUntilTimeout
                0x00000000080059e4       0x80 Drivers/STM32L4xx_HAL_Driver/Src/stm32l4xx_hal_i2c.o
 .text.I2C_WaitOnSTOPFlagUntilTimeout
                0x0000000008005a64       0x78 Drivers/STM32L4xx_HAL_Driver/Src/stm32l4xx_hal_i2c.o
 .text.I2C_IsAcknowledgeFailed
                0x0000000008005adc       0xcc Drivers/STM32L4xx_HAL_Driver/Src/stm32l4xx_hal_i2c.o
 .text.I2C_TransferConfig
                0x0000000008005ba8       0x5c Drivers/STM32L4xx_HAL_Driver/Src/stm32l4xx_hal_i2c.o
 .text.HAL_I2CEx_ConfigAnalogFilter
                0x0000000008005c04       0x96 Drivers/STM32L4xx_HAL_Driver/Src/stm32l4xx_hal_i2c_ex.o
                0x0000000008005c04                HAL_I2CEx_ConfigAnalogFilter
 .text.HAL_I2CEx_ConfigDigitalFilter
                0x0000000008005c9a       0x98 Drivers/STM32L4xx_HAL_Driver/Src/stm32l4xx_hal_i2c_ex.o
                0x0000000008005c9a                HAL_I2CEx_ConfigDigitalFilter
 *fill*         0x0000000008005d32        0x2 
 .text.HAL_PWREx_GetVoltageRange
                0x0000000008005d34       0x1c Drivers/STM32L4xx_HAL_Driver/Src/stm32l4xx_hal_pwr_ex.o
                0x0000000008005d34                HAL_PWREx_GetVoltageRange
 .text.HAL_PWREx_ControlVoltageScaling
                0x0000000008005d50       0xac Drivers/STM32L4xx_HAL_Driver/Src/stm32l4xx_hal_pwr_ex.o
                0x0000000008005d50                HAL_PWREx_ControlVoltageScaling
 .text.HAL_RCC_OscConfig
                0x0000000008005dfc      0x7cc Drivers/STM32L4xx_HAL_Driver/Src/stm32l4xx_hal_rcc.o
                0x0000000008005dfc                HAL_RCC_OscConfig
 .text.HAL_RCC_ClockConfig
                0x00000000080065c8      0x1c4 Drivers/STM32L4xx_HAL_Driver/Src/stm32l4xx_hal_rcc.o
                0x00000000080065c8                HAL_RCC_ClockConfig
 .text.HAL_RCC_GetSysClockFreq
                0x000000000800678c      0x114 Drivers/STM32L4xx_HAL_Driver/Src/stm32l4xx_hal_rcc.o
                0x000000000800678c                HAL_RCC_GetSysClockFreq
 .text.HAL_RCC_GetHCLKFreq
                0x00000000080068a0       0x18 Drivers/STM32L4xx_HAL_Driver/Src/stm32l4xx_hal_rcc.o
                0x00000000080068a0                HAL_RCC_GetHCLKFreq
 .text.HAL_RCC_GetPCLK1Freq
                0x00000000080068b8       0x2c Drivers/STM32L4xx_HAL_Driver/Src/stm32l4xx_hal_rcc.o
                0x00000000080068b8                HAL_RCC_GetPCLK1Freq
 .text.HAL_RCC_GetPCLK2Freq
                0x00000000080068e4       0x2c Drivers/STM32L4xx_HAL_Driver/Src/stm32l4xx_hal_rcc.o
                0x00000000080068e4                HAL_RCC_GetPCLK2Freq
 .text.RCC_SetFlashLatencyFromMSIRange
                0x0000000008006910       0xc0 Drivers/STM32L4xx_HAL_Driver/Src/stm32l4xx_hal_rcc.o
 .text.HAL_RCCEx_PeriphCLKConfig
                0x00000000080069d0      0x5cc Drivers/STM32L4xx_HAL_Driver/Src/stm32l4xx_hal_rcc_ex.o
                0x00000000080069d0                HAL_RCCEx_PeriphCLKConfig
 .text.RCCEx_PLLSAI1_Config
                0x0000000008006f9c      0x1e0 Drivers/STM32L4xx_HAL_Driver/Src/stm32l4xx_hal_rcc_ex.o
 .text.RCCEx_PLLSAI2_Config
                0x000000000800717c      0x1b4 Drivers/STM32L4xx_HAL_Driver/Src/stm32l4xx_hal_rcc_ex.o
 .text.HAL_SPI_Init
                0x0000000008007330      0x114 Drivers/STM32L4xx_HAL_Driver/Src/stm32l4xx_hal_spi.o
                0x0000000008007330                HAL_SPI_Init
 .text.HAL_SPI_DeInit
                0x0000000008007444       0x50 Drivers/STM32L4xx_HAL_Driver/Src/stm32l4xx_hal_spi.o
                0x0000000008007444                HAL_SPI_DeInit
 .text.HAL_SPI_MspInit
                0x0000000008007494       0x14 Drivers/STM32L4xx_HAL_Driver/Src/stm32l4xx_hal_spi.o
                0x0000000008007494                HAL_SPI_MspInit
 .text.HAL_SPI_MspDeInit
                0x00000000080074a8       0x14 Drivers/STM32L4xx_HAL_Driver/Src/stm32l4xx_hal_spi.o
                0x00000000080074a8                HAL_SPI_MspDeInit
 .text.HAL_SPI_Receive
                0x00000000080074bc      0x250 Drivers/STM32L4xx_HAL_Driver/Src/stm32l4xx_hal_spi.o
                0x00000000080074bc                HAL_SPI_Receive
 .text.HAL_SPI_TransmitReceive
                0x000000000800770c      0x426 Drivers/STM32L4xx_HAL_Driver/Src/stm32l4xx_hal_spi.o
                0x000000000800770c                HAL_SPI_TransmitReceive
 *fill*         0x0000000008007b32        0x2 
 .text.HAL_SPI_Transmit_IT
                0x0000000008007b34      0x10c Drivers/STM32L4xx_HAL_Driver/Src/stm32l4xx_hal_spi.o
                0x0000000008007b34                HAL_SPI_Transmit_IT
 .text.HAL_SPI_Receive_IT
                0x0000000008007c40      0x150 Drivers/STM32L4xx_HAL_Driver/Src/stm32l4xx_hal_spi.o
                0x0000000008007c40                HAL_SPI_Receive_IT
 .text.HAL_SPI_TransmitReceive_IT
                0x0000000008007d90      0x160 Drivers/STM32L4xx_HAL_Driver/Src/stm32l4xx_hal_spi.o
                0x0000000008007d90                HAL_SPI_TransmitReceive_IT
 .text.HAL_SPI_IRQHandler
                0x0000000008007ef0      0x200 Drivers/STM32L4xx_HAL_Driver/Src/stm32l4xx_hal_spi.o
                0x0000000008007ef0                HAL_SPI_IRQHandler
 .text.HAL_SPI_TxRxCpltCallback
                0x00000000080080f0       0x14 Drivers/STM32L4xx_HAL_Driver/Src/stm32l4xx_hal_spi.o
                0x00000000080080f0                HAL_SPI_TxRxCpltCallback
 .text.HAL_SPI_ErrorCallback
                0x0000000008008104       0x14 Drivers/STM32L4xx_HAL_Driver/Src/stm32l4xx_hal_spi.o
                0x0000000008008104                HAL_SPI_ErrorCallback
 .text.SPI_DMAAbortOnError
                0x0000000008008118       0x2a Drivers/STM32L4xx_HAL_Driver/Src/stm32l4xx_hal_spi.o
 .text.SPI_2linesRxISR_8BIT
                0x0000000008008142       0xbe Drivers/STM32L4xx_HAL_Driver/Src/stm32l4xx_hal_spi.o
 .text.SPI_2linesTxISR_8BIT
                0x0000000008008200       0x92 Drivers/STM32L4xx_HAL_Driver/Src/stm32l4xx_hal_spi.o
 .text.SPI_2linesRxISR_16BIT
                0x0000000008008292       0x66 Drivers/STM32L4xx_HAL_Driver/Src/stm32l4xx_hal_spi.o
 .text.SPI_2linesTxISR_16BIT
                0x00000000080082f8       0x60 Drivers/STM32L4xx_HAL_Driver/Src/stm32l4xx_hal_spi.o
 .text.SPI_RxISR_8BIT
                0x0000000008008358       0x50 Drivers/STM32L4xx_HAL_Driver/Src/stm32l4xx_hal_spi.o
 .text.SPI_RxISR_16BIT
                0x00000000080083a8       0x4c Drivers/STM32L4xx_HAL_Driver/Src/stm32l4xx_hal_spi.o
 .text.SPI_TxISR_8BIT
                0x00000000080083f4       0x46 Drivers/STM32L4xx_HAL_Driver/Src/stm32l4xx_hal_spi.o
 .text.SPI_TxISR_16BIT
                0x000000000800843a       0x44 Drivers/STM32L4xx_HAL_Driver/Src/stm32l4xx_hal_spi.o
 .text.SPI_WaitFlagStateUntilTimeout
                0x000000000800847e       0xd4 Drivers/STM32L4xx_HAL_Driver/Src/stm32l4xx_hal_spi.o
 .text.SPI_WaitFifoStateUntilTimeout
                0x0000000008008552       0xda Drivers/STM32L4xx_HAL_Driver/Src/stm32l4xx_hal_spi.o
 .text.SPI_EndRxTransaction
                0x000000000800862c       0xb0 Drivers/STM32L4xx_HAL_Driver/Src/stm32l4xx_hal_spi.o
 .text.SPI_EndRxTxTransaction
                0x00000000080086dc       0x8c Drivers/STM32L4xx_HAL_Driver/Src/stm32l4xx_hal_spi.o
 .text.SPI_CloseRxTx_ISR
                0x0000000008008768       0x84 Drivers/STM32L4xx_HAL_Driver/Src/stm32l4xx_hal_spi.o
 .text.SPI_CloseRx_ISR
                0x00000000080087ec       0x60 Drivers/STM32L4xx_HAL_Driver/Src/stm32l4xx_hal_spi.o
 .text.SPI_CloseTx_ISR
                0x000000000800884c       0x7e Drivers/STM32L4xx_HAL_Driver/Src/stm32l4xx_hal_spi.o
 .text.HAL_TIM_Base_Init
                0x00000000080088ca       0xae Drivers/STM32L4xx_HAL_Driver/Src/stm32l4xx_hal_tim.o
                0x00000000080088ca                HAL_TIM_Base_Init
 .text.HAL_TIM_Base_Start
                0x0000000008008978       0xd0 Drivers/STM32L4xx_HAL_Driver/Src/stm32l4xx_hal_tim.o
                0x0000000008008978                HAL_TIM_Base_Start
 .text.HAL_TIM_IRQHandler
                0x0000000008008a48      0x23e Drivers/STM32L4xx_HAL_Driver/Src/stm32l4xx_hal_tim.o
                0x0000000008008a48                HAL_TIM_IRQHandler
 .text.HAL_TIM_OC_DelayElapsedCallback
                0x0000000008008c86       0x14 Drivers/STM32L4xx_HAL_Driver/Src/stm32l4xx_hal_tim.o
                0x0000000008008c86                HAL_TIM_OC_DelayElapsedCallback
 .text.HAL_TIM_IC_CaptureCallback
                0x0000000008008c9a       0x14 Drivers/STM32L4xx_HAL_Driver/Src/stm32l4xx_hal_tim.o
                0x0000000008008c9a                HAL_TIM_IC_CaptureCallback
 .text.HAL_TIM_PWM_PulseFinishedCallback
                0x0000000008008cae       0x14 Drivers/STM32L4xx_HAL_Driver/Src/stm32l4xx_hal_tim.o
                0x0000000008008cae                HAL_TIM_PWM_PulseFinishedCallback
 .text.HAL_TIM_TriggerCallback
                0x0000000008008cc2       0x14 Drivers/STM32L4xx_HAL_Driver/Src/stm32l4xx_hal_tim.o
                0x0000000008008cc2                HAL_TIM_TriggerCallback
 *fill*         0x0000000008008cd6        0x2 
 .text.TIM_Base_SetConfig
                0x0000000008008cd8      0x134 Drivers/STM32L4xx_HAL_Driver/Src/stm32l4xx_hal_tim.o
                0x0000000008008cd8                TIM_Base_SetConfig
 .text.HAL_TIMEx_CommutCallback
                0x0000000008008e0c       0x14 Drivers/STM32L4xx_HAL_Driver/Src/stm32l4xx_hal_tim_ex.o
                0x0000000008008e0c                HAL_TIMEx_CommutCallback
 .text.HAL_TIMEx_BreakCallback
                0x0000000008008e20       0x14 Drivers/STM32L4xx_HAL_Driver/Src/stm32l4xx_hal_tim_ex.o
                0x0000000008008e20                HAL_TIMEx_BreakCallback
 .text.HAL_TIMEx_Break2Callback
                0x0000000008008e34       0x14 Drivers/STM32L4xx_HAL_Driver/Src/stm32l4xx_hal_tim_ex.o
                0x0000000008008e34                HAL_TIMEx_Break2Callback
 .text.HAL_UART_Init
                0x0000000008008e48       0x9c Drivers/STM32L4xx_HAL_Driver/Src/stm32l4xx_hal_uart.o
                0x0000000008008e48                HAL_UART_Init
 .text.HAL_UART_Transmit
                0x0000000008008ee4      0x126 Drivers/STM32L4xx_HAL_Driver/Src/stm32l4xx_hal_uart.o
                0x0000000008008ee4                HAL_UART_Transmit
 *fill*         0x000000000800900a        0x2 
 .text.UART_SetConfig
                0x000000000800900c      0x514 Drivers/STM32L4xx_HAL_Driver/Src/stm32l4xx_hal_uart.o
                0x000000000800900c                UART_SetConfig
 .text.UART_AdvFeatureConfig
                0x0000000008009520      0x144 Drivers/STM32L4xx_HAL_Driver/Src/stm32l4xx_hal_uart.o
                0x0000000008009520                UART_AdvFeatureConfig
 .text.UART_CheckIdleState
                0x0000000008009664       0x8a Drivers/STM32L4xx_HAL_Driver/Src/stm32l4xx_hal_uart.o
                0x0000000008009664                UART_CheckIdleState
 .text.UART_WaitOnFlagUntilTimeout
                0x00000000080096ee       0xf6 Drivers/STM32L4xx_HAL_Driver/Src/stm32l4xx_hal_uart.o
                0x00000000080096ee                UART_WaitOnFlagUntilTimeout
 .text.__errno  0x00000000080097e4        0xc c:/st/stm32cubeide_1.4.0/stm32cubeide/plugins/com.st.stm32cube.ide.mcu.externaltools.gnu-tools-for-stm32.7-2018-q2-update.win32_1.4.0.202007081208/tools/bin/../lib/gcc/arm-none-eabi/7.3.1/../../../../arm-none-eabi/lib/thumb/v7e-m/fpv4-sp/hard\libc_nano.a(lib_a-errno.o)
                0x00000000080097e4                __errno
 .text.__libc_init_array
                0x00000000080097f0       0x48 c:/st/stm32cubeide_1.4.0/stm32cubeide/plugins/com.st.stm32cube.ide.mcu.externaltools.gnu-tools-for-stm32.7-2018-q2-update.win32_1.4.0.202007081208/tools/bin/../lib/gcc/arm-none-eabi/7.3.1/../../../../arm-none-eabi/lib/thumb/v7e-m/fpv4-sp/hard\libc_nano.a(lib_a-init.o)
                0x00000000080097f0                __libc_init_array
 .text.memcmp   0x0000000008009838       0x1e c:/st/stm32cubeide_1.4.0/stm32cubeide/plugins/com.st.stm32cube.ide.mcu.externaltools.gnu-tools-for-stm32.7-2018-q2-update.win32_1.4.0.202007081208/tools/bin/../lib/gcc/arm-none-eabi/7.3.1/../../../../arm-none-eabi/lib/thumb/v7e-m/fpv4-sp/hard\libc_nano.a(lib_a-memcmp.o)
                0x0000000008009838                memcmp
 .text.memcpy   0x0000000008009856       0x16 c:/st/stm32cubeide_1.4.0/stm32cubeide/plugins/com.st.stm32cube.ide.mcu.externaltools.gnu-tools-for-stm32.7-2018-q2-update.win32_1.4.0.202007081208/tools/bin/../lib/gcc/arm-none-eabi/7.3.1/../../../../arm-none-eabi/lib/thumb/v7e-m/fpv4-sp/hard\libc_nano.a(lib_a-memcpy-stub.o)
                0x0000000008009856                memcpy
 .text.memset   0x000000000800986c       0x10 c:/st/stm32cubeide_1.4.0/stm32cubeide/plugins/com.st.stm32cube.ide.mcu.externaltools.gnu-tools-for-stm32.7-2018-q2-update.win32_1.4.0.202007081208/tools/bin/../lib/gcc/arm-none-eabi/7.3.1/../../../../arm-none-eabi/lib/thumb/v7e-m/fpv4-sp/hard\libc_nano.a(lib_a-memset.o)
                0x000000000800986c                memset
 .text.printf   0x000000000800987c       0x30 c:/st/stm32cubeide_1.4.0/stm32cubeide/plugins/com.st.stm32cube.ide.mcu.externaltools.gnu-tools-for-stm32.7-2018-q2-update.win32_1.4.0.202007081208/tools/bin/../lib/gcc/arm-none-eabi/7.3.1/../../../../arm-none-eabi/lib/thumb/v7e-m/fpv4-sp/hard\libc_nano.a(lib_a-printf.o)
                0x000000000800987c                iprintf
                0x000000000800987c                printf
 .text._puts_r  0x00000000080098ac       0xb8 c:/st/stm32cubeide_1.4.0/stm32cubeide/plugins/com.st.stm32cube.ide.mcu.externaltools.gnu-tools-for-stm32.7-2018-q2-update.win32_1.4.0.202007081208/tools/bin/../lib/gcc/arm-none-eabi/7.3.1/../../../../arm-none-eabi/lib/thumb/v7e-m/fpv4-sp/hard\libc_nano.a(lib_a-puts.o)
                0x00000000080098ac                _puts_r
 .text.puts     0x0000000008009964       0x10 c:/st/stm32cubeide_1.4.0/stm32cubeide/plugins/com.st.stm32cube.ide.mcu.externaltools.gnu-tools-for-stm32.7-2018-q2-update.win32_1.4.0.202007081208/tools/bin/../lib/gcc/arm-none-eabi/7.3.1/../../../../arm-none-eabi/lib/thumb/v7e-m/fpv4-sp/hard\libc_nano.a(lib_a-puts.o)
                0x0000000008009964                puts
 .text.sprintf  0x0000000008009974       0x40 c:/st/stm32cubeide_1.4.0/stm32cubeide/plugins/com.st.stm32cube.ide.mcu.externaltools.gnu-tools-for-stm32.7-2018-q2-update.win32_1.4.0.202007081208/tools/bin/../lib/gcc/arm-none-eabi/7.3.1/../../../../arm-none-eabi/lib/thumb/v7e-m/fpv4-sp/hard\libc_nano.a(lib_a-sprintf.o)
                0x0000000008009974                siprintf
                0x0000000008009974                sprintf
 .text.strcat   0x00000000080099b4       0x1e c:/st/stm32cubeide_1.4.0/stm32cubeide/plugins/com.st.stm32cube.ide.mcu.externaltools.gnu-tools-for-stm32.7-2018-q2-update.win32_1.4.0.202007081208/tools/bin/../lib/gcc/arm-none-eabi/7.3.1/../../../../arm-none-eabi/lib/thumb/v7e-m/fpv4-sp/hard\libc_nano.a(lib_a-strcat.o)
                0x00000000080099b4                strcat
 .text.strncmp  0x00000000080099d2       0x24 c:/st/stm32cubeide_1.4.0/stm32cubeide/plugins/com.st.stm32cube.ide.mcu.externaltools.gnu-tools-for-stm32.7-2018-q2-update.win32_1.4.0.202007081208/tools/bin/../lib/gcc/arm-none-eabi/7.3.1/../../../../arm-none-eabi/lib/thumb/v7e-m/fpv4-sp/hard\libc_nano.a(lib_a-strncmp.o)
                0x00000000080099d2                strncmp
 .text.strncpy  0x00000000080099f6       0x2a c:/st/stm32cubeide_1.4.0/stm32cubeide/plugins/com.st.stm32cube.ide.mcu.externaltools.gnu-tools-for-stm32.7-2018-q2-update.win32_1.4.0.202007081208/tools/bin/../lib/gcc/arm-none-eabi/7.3.1/../../../../arm-none-eabi/lib/thumb/v7e-m/fpv4-sp/hard\libc_nano.a(lib_a-strncpy.o)
                0x00000000080099f6                strncpy
 .text.strstr   0x0000000008009a20       0x34 c:/st/stm32cubeide_1.4.0/stm32cubeide/plugins/com.st.stm32cube.ide.mcu.externaltools.gnu-tools-for-stm32.7-2018-q2-update.win32_1.4.0.202007081208/tools/bin/../lib/gcc/arm-none-eabi/7.3.1/../../../../arm-none-eabi/lib/thumb/v7e-m/fpv4-sp/hard\libc_nano.a(lib_a-strstr.o)
                0x0000000008009a20                strstr
 .text.strtok   0x0000000008009a54       0x54 c:/st/stm32cubeide_1.4.0/stm32cubeide/plugins/com.st.stm32cube.ide.mcu.externaltools.gnu-tools-for-stm32.7-2018-q2-update.win32_1.4.0.202007081208/tools/bin/../lib/gcc/arm-none-eabi/7.3.1/../../../../arm-none-eabi/lib/thumb/v7e-m/fpv4-sp/hard\libc_nano.a(lib_a-strtok.o)
                0x0000000008009a54                strtok
 .text.__strtok_r
                0x0000000008009aa8       0x54 c:/st/stm32cubeide_1.4.0/stm32cubeide/plugins/com.st.stm32cube.ide.mcu.externaltools.gnu-tools-for-stm32.7-2018-q2-update.win32_1.4.0.202007081208/tools/bin/../lib/gcc/arm-none-eabi/7.3.1/../../../../arm-none-eabi/lib/thumb/v7e-m/fpv4-sp/hard\libc_nano.a(lib_a-strtok_r.o)
                0x0000000008009aa8                __strtok_r
 .text.__swbuf_r
                0x0000000008009afc       0xa4 c:/st/stm32cubeide_1.4.0/stm32cubeide/plugins/com.st.stm32cube.ide.mcu.externaltools.gnu-tools-for-stm32.7-2018-q2-update.win32_1.4.0.202007081208/tools/bin/../lib/gcc/arm-none-eabi/7.3.1/../../../../arm-none-eabi/lib/thumb/v7e-m/fpv4-sp/hard\libc_nano.a(lib_a-wbuf.o)
                0x0000000008009afc                __swbuf_r
 .text.__swsetup_r
                0x0000000008009ba0       0xdc c:/st/stm32cubeide_1.4.0/stm32cubeide/plugins/com.st.stm32cube.ide.mcu.externaltools.gnu-tools-for-stm32.7-2018-q2-update.win32_1.4.0.202007081208/tools/bin/../lib/gcc/arm-none-eabi/7.3.1/../../../../arm-none-eabi/lib/thumb/v7e-m/fpv4-sp/hard\libc_nano.a(lib_a-wsetup.o)
                0x0000000008009ba0                __swsetup_r
 .text.__sflush_r
                0x0000000008009c7c      0x10c c:/st/stm32cubeide_1.4.0/stm32cubeide/plugins/com.st.stm32cube.ide.mcu.externaltools.gnu-tools-for-stm32.7-2018-q2-update.win32_1.4.0.202007081208/tools/bin/../lib/gcc/arm-none-eabi/7.3.1/../../../../arm-none-eabi/lib/thumb/v7e-m/fpv4-sp/hard\libc_nano.a(lib_a-fflush.o)
                0x0000000008009c7c                __sflush_r
 .text._fflush_r
                0x0000000008009d88       0x54 c:/st/stm32cubeide_1.4.0/stm32cubeide/plugins/com.st.stm32cube.ide.mcu.externaltools.gnu-tools-for-stm32.7-2018-q2-update.win32_1.4.0.202007081208/tools/bin/../lib/gcc/arm-none-eabi/7.3.1/../../../../arm-none-eabi/lib/thumb/v7e-m/fpv4-sp/hard\libc_nano.a(lib_a-fflush.o)
                0x0000000008009d88                _fflush_r
 .text.std      0x0000000008009ddc       0x48 c:/st/stm32cubeide_1.4.0/stm32cubeide/plugins/com.st.stm32cube.ide.mcu.externaltools.gnu-tools-for-stm32.7-2018-q2-update.win32_1.4.0.202007081208/tools/bin/../lib/gcc/arm-none-eabi/7.3.1/../../../../arm-none-eabi/lib/thumb/v7e-m/fpv4-sp/hard\libc_nano.a(lib_a-findfp.o)
 .text._cleanup_r
                0x0000000008009e24        0xc c:/st/stm32cubeide_1.4.0/stm32cubeide/plugins/com.st.stm32cube.ide.mcu.externaltools.gnu-tools-for-stm32.7-2018-q2-update.win32_1.4.0.202007081208/tools/bin/../lib/gcc/arm-none-eabi/7.3.1/../../../../arm-none-eabi/lib/thumb/v7e-m/fpv4-sp/hard\libc_nano.a(lib_a-findfp.o)
                0x0000000008009e24                _cleanup_r
 .text.__sfmoreglue
                0x0000000008009e30       0x2c c:/st/stm32cubeide_1.4.0/stm32cubeide/plugins/com.st.stm32cube.ide.mcu.externaltools.gnu-tools-for-stm32.7-2018-q2-update.win32_1.4.0.202007081208/tools/bin/../lib/gcc/arm-none-eabi/7.3.1/../../../../arm-none-eabi/lib/thumb/v7e-m/fpv4-sp/hard\libc_nano.a(lib_a-findfp.o)
                0x0000000008009e30                __sfmoreglue
 .text.__sinit  0x0000000008009e5c       0x60 c:/st/stm32cubeide_1.4.0/stm32cubeide/plugins/com.st.stm32cube.ide.mcu.externaltools.gnu-tools-for-stm32.7-2018-q2-update.win32_1.4.0.202007081208/tools/bin/../lib/gcc/arm-none-eabi/7.3.1/../../../../arm-none-eabi/lib/thumb/v7e-m/fpv4-sp/hard\libc_nano.a(lib_a-findfp.o)
                0x0000000008009e5c                __sinit
 .text.__sfp    0x0000000008009ebc       0x78 c:/st/stm32cubeide_1.4.0/stm32cubeide/plugins/com.st.stm32cube.ide.mcu.externaltools.gnu-tools-for-stm32.7-2018-q2-update.win32_1.4.0.202007081208/tools/bin/../lib/gcc/arm-none-eabi/7.3.1/../../../../arm-none-eabi/lib/thumb/v7e-m/fpv4-sp/hard\libc_nano.a(lib_a-findfp.o)
                0x0000000008009ebc                __sfp
 .text._fwalk_reent
                0x0000000008009f34       0x3c c:/st/stm32cubeide_1.4.0/stm32cubeide/plugins/com.st.stm32cube.ide.mcu.externaltools.gnu-tools-for-stm32.7-2018-q2-update.win32_1.4.0.202007081208/tools/bin/../lib/gcc/arm-none-eabi/7.3.1/../../../../arm-none-eabi/lib/thumb/v7e-m/fpv4-sp/hard\libc_nano.a(lib_a-fwalk.o)
                0x0000000008009f34                _fwalk_reent
 .text.__swhatbuf_r
                0x0000000008009f70       0x48 c:/st/stm32cubeide_1.4.0/stm32cubeide/plugins/com.st.stm32cube.ide.mcu.externaltools.gnu-tools-for-stm32.7-2018-q2-update.win32_1.4.0.202007081208/tools/bin/../lib/gcc/arm-none-eabi/7.3.1/../../../../arm-none-eabi/lib/thumb/v7e-m/fpv4-sp/hard\libc_nano.a(lib_a-makebuf.o)
                0x0000000008009f70                __swhatbuf_r
 .text.__smakebuf_r
                0x0000000008009fb8       0x80 c:/st/stm32cubeide_1.4.0/stm32cubeide/plugins/com.st.stm32cube.ide.mcu.externaltools.gnu-tools-for-stm32.7-2018-q2-update.win32_1.4.0.202007081208/tools/bin/../lib/gcc/arm-none-eabi/7.3.1/../../../../arm-none-eabi/lib/thumb/v7e-m/fpv4-sp/hard\libc_nano.a(lib_a-makebuf.o)
                0x0000000008009fb8                __smakebuf_r
 .text.malloc   0x000000000800a038       0x10 c:/st/stm32cubeide_1.4.0/stm32cubeide/plugins/com.st.stm32cube.ide.mcu.externaltools.gnu-tools-for-stm32.7-2018-q2-update.win32_1.4.0.202007081208/tools/bin/../lib/gcc/arm-none-eabi/7.3.1/../../../../arm-none-eabi/lib/thumb/v7e-m/fpv4-sp/hard\libc_nano.a(lib_a-malloc.o)
                0x000000000800a038                malloc
 .text._free_r  0x000000000800a048       0x9c c:/st/stm32cubeide_1.4.0/stm32cubeide/plugins/com.st.stm32cube.ide.mcu.externaltools.gnu-tools-for-stm32.7-2018-q2-update.win32_1.4.0.202007081208/tools/bin/../lib/gcc/arm-none-eabi/7.3.1/../../../../arm-none-eabi/lib/thumb/v7e-m/fpv4-sp/hard\libc_nano.a(lib_a-nano-freer.o)
                0x000000000800a048                _free_r
 .text._malloc_r
                0x000000000800a0e4       0xb4 c:/st/stm32cubeide_1.4.0/stm32cubeide/plugins/com.st.stm32cube.ide.mcu.externaltools.gnu-tools-for-stm32.7-2018-q2-update.win32_1.4.0.202007081208/tools/bin/../lib/gcc/arm-none-eabi/7.3.1/../../../../arm-none-eabi/lib/thumb/v7e-m/fpv4-sp/hard\libc_nano.a(lib_a-nano-mallocr.o)
                0x000000000800a0e4                _malloc_r
 .text.__ssputs_r
                0x000000000800a198       0xb4 c:/st/stm32cubeide_1.4.0/stm32cubeide/plugins/com.st.stm32cube.ide.mcu.externaltools.gnu-tools-for-stm32.7-2018-q2-update.win32_1.4.0.202007081208/tools/bin/../lib/gcc/arm-none-eabi/7.3.1/../../../../arm-none-eabi/lib/thumb/v7e-m/fpv4-sp/hard\libc_nano.a(lib_a-nano-svfprintf.o)
                0x000000000800a198                __ssputs_r
 .text._svfprintf_r
                0x000000000800a24c      0x1f0 c:/st/stm32cubeide_1.4.0/stm32cubeide/plugins/com.st.stm32cube.ide.mcu.externaltools.gnu-tools-for-stm32.7-2018-q2-update.win32_1.4.0.202007081208/tools/bin/../lib/gcc/arm-none-eabi/7.3.1/../../../../arm-none-eabi/lib/thumb/v7e-m/fpv4-sp/hard\libc_nano.a(lib_a-nano-svfprintf.o)
                0x000000000800a24c                _svfiprintf_r
                0x000000000800a24c                _svfprintf_r
 .text.__sfputc_r
                0x000000000800a43c       0x2e c:/st/stm32cubeide_1.4.0/stm32cubeide/plugins/com.st.stm32cube.ide.mcu.externaltools.gnu-tools-for-stm32.7-2018-q2-update.win32_1.4.0.202007081208/tools/bin/../lib/gcc/arm-none-eabi/7.3.1/../../../../arm-none-eabi/lib/thumb/v7e-m/fpv4-sp/hard\libc_nano.a(lib_a-nano-vfprintf.o)
 .text.__sfputs_r
                0x000000000800a46a       0x24 c:/st/stm32cubeide_1.4.0/stm32cubeide/plugins/com.st.stm32cube.ide.mcu.externaltools.gnu-tools-for-stm32.7-2018-q2-update.win32_1.4.0.202007081208/tools/bin/../lib/gcc/arm-none-eabi/7.3.1/../../../../arm-none-eabi/lib/thumb/v7e-m/fpv4-sp/hard\libc_nano.a(lib_a-nano-vfprintf.o)
                0x000000000800a46a                __sfputs_r
 *fill*         0x000000000800a48e        0x2 
 .text._vfprintf_r
                0x000000000800a490      0x22c c:/st/stm32cubeide_1.4.0/stm32cubeide/plugins/com.st.stm32cube.ide.mcu.externaltools.gnu-tools-for-stm32.7-2018-q2-update.win32_1.4.0.202007081208/tools/bin/../lib/gcc/arm-none-eabi/7.3.1/../../../../arm-none-eabi/lib/thumb/v7e-m/fpv4-sp/hard\libc_nano.a(lib_a-nano-vfprintf.o)
                0x000000000800a490                _vfprintf_r
                0x000000000800a490                _vfiprintf_r
 .text._printf_common
                0x000000000800a6bc       0xea c:/st/stm32cubeide_1.4.0/stm32cubeide/plugins/com.st.stm32cube.ide.mcu.externaltools.gnu-tools-for-stm32.7-2018-q2-update.win32_1.4.0.202007081208/tools/bin/../lib/gcc/arm-none-eabi/7.3.1/../../../../arm-none-eabi/lib/thumb/v7e-m/fpv4-sp/hard\libc_nano.a(lib_a-nano-vfprintf_i.o)
                0x000000000800a6bc                _printf_common
 *fill*         0x000000000800a7a6        0x2 
 .text._printf_i
                0x000000000800a7a8      0x224 c:/st/stm32cubeide_1.4.0/stm32cubeide/plugins/com.st.stm32cube.ide.mcu.externaltools.gnu-tools-for-stm32.7-2018-q2-update.win32_1.4.0.202007081208/tools/bin/../lib/gcc/arm-none-eabi/7.3.1/../../../../arm-none-eabi/lib/thumb/v7e-m/fpv4-sp/hard\libc_nano.a(lib_a-nano-vfprintf_i.o)
                0x000000000800a7a8                _printf_i
 .text._sbrk_r  0x000000000800a9cc       0x20 c:/st/stm32cubeide_1.4.0/stm32cubeide/plugins/com.st.stm32cube.ide.mcu.externaltools.gnu-tools-for-stm32.7-2018-q2-update.win32_1.4.0.202007081208/tools/bin/../lib/gcc/arm-none-eabi/7.3.1/../../../../arm-none-eabi/lib/thumb/v7e-m/fpv4-sp/hard\libc_nano.a(lib_a-sbrkr.o)
                0x000000000800a9cc                _sbrk_r
 .text.__sread  0x000000000800a9ec       0x22 c:/st/stm32cubeide_1.4.0/stm32cubeide/plugins/com.st.stm32cube.ide.mcu.externaltools.gnu-tools-for-stm32.7-2018-q2-update.win32_1.4.0.202007081208/tools/bin/../lib/gcc/arm-none-eabi/7.3.1/../../../../arm-none-eabi/lib/thumb/v7e-m/fpv4-sp/hard\libc_nano.a(lib_a-stdio.o)
                0x000000000800a9ec                __sread
 .text.__swrite
                0x000000000800aa0e       0x38 c:/st/stm32cubeide_1.4.0/stm32cubeide/plugins/com.st.stm32cube.ide.mcu.externaltools.gnu-tools-for-stm32.7-2018-q2-update.win32_1.4.0.202007081208/tools/bin/../lib/gcc/arm-none-eabi/7.3.1/../../../../arm-none-eabi/lib/thumb/v7e-m/fpv4-sp/hard\libc_nano.a(lib_a-stdio.o)
                0x000000000800aa0e                __swrite
 .text.__sseek  0x000000000800aa46       0x24 c:/st/stm32cubeide_1.4.0/stm32cubeide/plugins/com.st.stm32cube.ide.mcu.externaltools.gnu-tools-for-stm32.7-2018-q2-update.win32_1.4.0.202007081208/tools/bin/../lib/gcc/arm-none-eabi/7.3.1/../../../../arm-none-eabi/lib/thumb/v7e-m/fpv4-sp/hard\libc_nano.a(lib_a-stdio.o)
                0x000000000800aa46                __sseek
 .text.__sclose
                0x000000000800aa6a        0x8 c:/st/stm32cubeide_1.4.0/stm32cubeide/plugins/com.st.stm32cube.ide.mcu.externaltools.gnu-tools-for-stm32.7-2018-q2-update.win32_1.4.0.202007081208/tools/bin/../lib/gcc/arm-none-eabi/7.3.1/../../../../arm-none-eabi/lib/thumb/v7e-m/fpv4-sp/hard\libc_nano.a(lib_a-stdio.o)
                0x000000000800aa6a                __sclose
 *fill*         0x000000000800aa72        0x2 
 .text._write_r
                0x000000000800aa74       0x24 c:/st/stm32cubeide_1.4.0/stm32cubeide/plugins/com.st.stm32cube.ide.mcu.externaltools.gnu-tools-for-stm32.7-2018-q2-update.win32_1.4.0.202007081208/tools/bin/../lib/gcc/arm-none-eabi/7.3.1/../../../../arm-none-eabi/lib/thumb/v7e-m/fpv4-sp/hard\libc_nano.a(lib_a-writer.o)
                0x000000000800aa74                _write_r
 .text._close_r
                0x000000000800aa98       0x20 c:/st/stm32cubeide_1.4.0/stm32cubeide/plugins/com.st.stm32cube.ide.mcu.externaltools.gnu-tools-for-stm32.7-2018-q2-update.win32_1.4.0.202007081208/tools/bin/../lib/gcc/arm-none-eabi/7.3.1/../../../../arm-none-eabi/lib/thumb/v7e-m/fpv4-sp/hard\libc_nano.a(lib_a-closer.o)
                0x000000000800aa98                _close_r
 .text._fstat_r
                0x000000000800aab8       0x24 c:/st/stm32cubeide_1.4.0/stm32cubeide/plugins/com.st.stm32cube.ide.mcu.externaltools.gnu-tools-for-stm32.7-2018-q2-update.win32_1.4.0.202007081208/tools/bin/../lib/gcc/arm-none-eabi/7.3.1/../../../../arm-none-eabi/lib/thumb/v7e-m/fpv4-sp/hard\libc_nano.a(lib_a-fstatr.o)
                0x000000000800aab8                _fstat_r
 .text._isatty_r
                0x000000000800aadc       0x20 c:/st/stm32cubeide_1.4.0/stm32cubeide/plugins/com.st.stm32cube.ide.mcu.externaltools.gnu-tools-for-stm32.7-2018-q2-update.win32_1.4.0.202007081208/tools/bin/../lib/gcc/arm-none-eabi/7.3.1/../../../../arm-none-eabi/lib/thumb/v7e-m/fpv4-sp/hard\libc_nano.a(lib_a-isattyr.o)
                0x000000000800aadc                _isatty_r
 .text._lseek_r
                0x000000000800aafc       0x24 c:/st/stm32cubeide_1.4.0/stm32cubeide/plugins/com.st.stm32cube.ide.mcu.externaltools.gnu-tools-for-stm32.7-2018-q2-update.win32_1.4.0.202007081208/tools/bin/../lib/gcc/arm-none-eabi/7.3.1/../../../../arm-none-eabi/lib/thumb/v7e-m/fpv4-sp/hard\libc_nano.a(lib_a-lseekr.o)
                0x000000000800aafc                _lseek_r
 .text.memmove  0x000000000800ab20       0x32 c:/st/stm32cubeide_1.4.0/stm32cubeide/plugins/com.st.stm32cube.ide.mcu.externaltools.gnu-tools-for-stm32.7-2018-q2-update.win32_1.4.0.202007081208/tools/bin/../lib/gcc/arm-none-eabi/7.3.1/../../../../arm-none-eabi/lib/thumb/v7e-m/fpv4-sp/hard\libc_nano.a(lib_a-memmove.o)
                0x000000000800ab20                memmove
 .text.__malloc_lock
                0x000000000800ab52        0x2 c:/st/stm32cubeide_1.4.0/stm32cubeide/plugins/com.st.stm32cube.ide.mcu.externaltools.gnu-tools-for-stm32.7-2018-q2-update.win32_1.4.0.202007081208/tools/bin/../lib/gcc/arm-none-eabi/7.3.1/../../../../arm-none-eabi/lib/thumb/v7e-m/fpv4-sp/hard\libc_nano.a(lib_a-mlock.o)
                0x000000000800ab52                __malloc_lock
 .text.__malloc_unlock
                0x000000000800ab54        0x2 c:/st/stm32cubeide_1.4.0/stm32cubeide/plugins/com.st.stm32cube.ide.mcu.externaltools.gnu-tools-for-stm32.7-2018-q2-update.win32_1.4.0.202007081208/tools/bin/../lib/gcc/arm-none-eabi/7.3.1/../../../../arm-none-eabi/lib/thumb/v7e-m/fpv4-sp/hard\libc_nano.a(lib_a-mlock.o)
                0x000000000800ab54                __malloc_unlock
 .text._realloc_r
                0x000000000800ab56       0x4c c:/st/stm32cubeide_1.4.0/stm32cubeide/plugins/com.st.stm32cube.ide.mcu.externaltools.gnu-tools-for-stm32.7-2018-q2-update.win32_1.4.0.202007081208/tools/bin/../lib/gcc/arm-none-eabi/7.3.1/../../../../arm-none-eabi/lib/thumb/v7e-m/fpv4-sp/hard\libc_nano.a(lib_a-nano-reallocr.o)
                0x000000000800ab56                _realloc_r
 *fill*         0x000000000800aba2        0x2 
 .text._read_r  0x000000000800aba4       0x24 c:/st/stm32cubeide_1.4.0/stm32cubeide/plugins/com.st.stm32cube.ide.mcu.externaltools.gnu-tools-for-stm32.7-2018-q2-update.win32_1.4.0.202007081208/tools/bin/../lib/gcc/arm-none-eabi/7.3.1/../../../../arm-none-eabi/lib/thumb/v7e-m/fpv4-sp/hard\libc_nano.a(lib_a-readr.o)
                0x000000000800aba4                _read_r
 .text._malloc_usable_size_r
                0x000000000800abc8       0x10 c:/st/stm32cubeide_1.4.0/stm32cubeide/plugins/com.st.stm32cube.ide.mcu.externaltools.gnu-tools-for-stm32.7-2018-q2-update.win32_1.4.0.202007081208/tools/bin/../lib/gcc/arm-none-eabi/7.3.1/../../../../arm-none-eabi/lib/thumb/v7e-m/fpv4-sp/hard\libc_nano.a(lib_a-nano-msizer.o)
                0x000000000800abc8                _malloc_usable_size_r
 *(.glue_7)
 .glue_7        0x000000000800abd8        0x0 linker stubs
 *(.glue_7t)
 .glue_7t       0x000000000800abd8        0x0 linker stubs
 *(.eh_frame)
 .eh_frame      0x000000000800abd8        0x0 c:/st/stm32cubeide_1.4.0/stm32cubeide/plugins/com.st.stm32cube.ide.mcu.externaltools.gnu-tools-for-stm32.7-2018-q2-update.win32_1.4.0.202007081208/tools/bin/../lib/gcc/arm-none-eabi/7.3.1/thumb/v7e-m/fpv4-sp/hard/crtbegin.o
 *(.init)
 .init          0x000000000800abd8        0x4 c:/st/stm32cubeide_1.4.0/stm32cubeide/plugins/com.st.stm32cube.ide.mcu.externaltools.gnu-tools-for-stm32.7-2018-q2-update.win32_1.4.0.202007081208/tools/bin/../lib/gcc/arm-none-eabi/7.3.1/thumb/v7e-m/fpv4-sp/hard/crti.o
                0x000000000800abd8                _init
 .init          0x000000000800abdc        0x8 c:/st/stm32cubeide_1.4.0/stm32cubeide/plugins/com.st.stm32cube.ide.mcu.externaltools.gnu-tools-for-stm32.7-2018-q2-update.win32_1.4.0.202007081208/tools/bin/../lib/gcc/arm-none-eabi/7.3.1/thumb/v7e-m/fpv4-sp/hard/crtn.o
 *(.fini)
 .fini          0x000000000800abe4        0x4 c:/st/stm32cubeide_1.4.0/stm32cubeide/plugins/com.st.stm32cube.ide.mcu.externaltools.gnu-tools-for-stm32.7-2018-q2-update.win32_1.4.0.202007081208/tools/bin/../lib/gcc/arm-none-eabi/7.3.1/thumb/v7e-m/fpv4-sp/hard/crti.o
                0x000000000800abe4                _fini
 .fini          0x000000000800abe8        0x8 c:/st/stm32cubeide_1.4.0/stm32cubeide/plugins/com.st.stm32cube.ide.mcu.externaltools.gnu-tools-for-stm32.7-2018-q2-update.win32_1.4.0.202007081208/tools/bin/../lib/gcc/arm-none-eabi/7.3.1/thumb/v7e-m/fpv4-sp/hard/crtn.o
                0x000000000800abf0                . = ALIGN (0x4)
                0x000000000800abf0                _etext = .

.vfp11_veneer   0x000000000800abf0        0x0
 .vfp11_veneer  0x000000000800abf0        0x0 linker stubs

.v4_bx          0x000000000800abf0        0x0
 .v4_bx         0x000000000800abf0        0x0 linker stubs

.iplt           0x000000000800abf0        0x0
 .iplt          0x000000000800abf0        0x0 c:/st/stm32cubeide_1.4.0/stm32cubeide/plugins/com.st.stm32cube.ide.mcu.externaltools.gnu-tools-for-stm32.7-2018-q2-update.win32_1.4.0.202007081208/tools/bin/../lib/gcc/arm-none-eabi/7.3.1/thumb/v7e-m/fpv4-sp/hard/crtbegin.o

.rodata         0x000000000800abf0      0xdc0
                0x000000000800abf0                . = ALIGN (0x4)
 *(.rodata)
 .rodata        0x000000000800abf0      0x4be Core/Src/es_wifi.o
 *fill*         0x000000000800b0ae        0x2 
 .rodata        0x000000000800b0b0      0x808 Core/Src/main.o
 *(.rodata*)
 .rodata._ZL9FIRCoeffs
                0x000000000800b8b8       0x18 Core/Src/heartRate.o
 .rodata.AHBPrescTable
                0x000000000800b8d0       0x10 Core/Src/system_stm32l4xx.o
                0x000000000800b8d0                AHBPrescTable
 .rodata.APBPrescTable
                0x000000000800b8e0        0x8 Core/Src/system_stm32l4xx.o
                0x000000000800b8e0                APBPrescTable
 .rodata.MSIRangeTable
                0x000000000800b8e8       0x30 Core/Src/system_stm32l4xx.o
                0x000000000800b8e8                MSIRangeTable
 .rodata._global_impure_ptr
                0x000000000800b918        0x4 c:/st/stm32cubeide_1.4.0/stm32cubeide/plugins/com.st.stm32cube.ide.mcu.externaltools.gnu-tools-for-stm32.7-2018-q2-update.win32_1.4.0.202007081208/tools/bin/../lib/gcc/arm-none-eabi/7.3.1/../../../../arm-none-eabi/lib/thumb/v7e-m/fpv4-sp/hard\libc_nano.a(lib_a-impure.o)
                0x000000000800b918                _global_impure_ptr
 .rodata.__sf_fake_stderr
                0x000000000800b91c       0x20 c:/st/stm32cubeide_1.4.0/stm32cubeide/plugins/com.st.stm32cube.ide.mcu.externaltools.gnu-tools-for-stm32.7-2018-q2-update.win32_1.4.0.202007081208/tools/bin/../lib/gcc/arm-none-eabi/7.3.1/../../../../arm-none-eabi/lib/thumb/v7e-m/fpv4-sp/hard\libc_nano.a(lib_a-findfp.o)
                0x000000000800b91c                __sf_fake_stderr
 .rodata.__sf_fake_stdin
                0x000000000800b93c       0x20 c:/st/stm32cubeide_1.4.0/stm32cubeide/plugins/com.st.stm32cube.ide.mcu.externaltools.gnu-tools-for-stm32.7-2018-q2-update.win32_1.4.0.202007081208/tools/bin/../lib/gcc/arm-none-eabi/7.3.1/../../../../arm-none-eabi/lib/thumb/v7e-m/fpv4-sp/hard\libc_nano.a(lib_a-findfp.o)
                0x000000000800b93c                __sf_fake_stdin
 .rodata.__sf_fake_stdout
                0x000000000800b95c       0x20 c:/st/stm32cubeide_1.4.0/stm32cubeide/plugins/com.st.stm32cube.ide.mcu.externaltools.gnu-tools-for-stm32.7-2018-q2-update.win32_1.4.0.202007081208/tools/bin/../lib/gcc/arm-none-eabi/7.3.1/../../../../arm-none-eabi/lib/thumb/v7e-m/fpv4-sp/hard\libc_nano.a(lib_a-findfp.o)
                0x000000000800b95c                __sf_fake_stdout
 .rodata._svfprintf_r.str1.1
                0x000000000800b97c       0x11 c:/st/stm32cubeide_1.4.0/stm32cubeide/plugins/com.st.stm32cube.ide.mcu.externaltools.gnu-tools-for-stm32.7-2018-q2-update.win32_1.4.0.202007081208/tools/bin/../lib/gcc/arm-none-eabi/7.3.1/../../../../arm-none-eabi/lib/thumb/v7e-m/fpv4-sp/hard\libc_nano.a(lib_a-nano-svfprintf.o)
 .rodata._vfprintf_r.str1.1
                0x000000000800b98d       0x11 c:/st/stm32cubeide_1.4.0/stm32cubeide/plugins/com.st.stm32cube.ide.mcu.externaltools.gnu-tools-for-stm32.7-2018-q2-update.win32_1.4.0.202007081208/tools/bin/../lib/gcc/arm-none-eabi/7.3.1/../../../../arm-none-eabi/lib/thumb/v7e-m/fpv4-sp/hard\libc_nano.a(lib_a-nano-vfprintf.o)
 .rodata._printf_i.str1.1
                0x000000000800b98d       0x22 c:/st/stm32cubeide_1.4.0/stm32cubeide/plugins/com.st.stm32cube.ide.mcu.externaltools.gnu-tools-for-stm32.7-2018-q2-update.win32_1.4.0.202007081208/tools/bin/../lib/gcc/arm-none-eabi/7.3.1/../../../../arm-none-eabi/lib/thumb/v7e-m/fpv4-sp/hard\libc_nano.a(lib_a-nano-vfprintf_i.o)
                0x000000000800b9b0                . = ALIGN (0x4)
 *fill*         0x000000000800b9af        0x1 

.ARM.extab      0x000000000800b9b0        0x0
                0x000000000800b9b0                . = ALIGN (0x4)
 *(.ARM.extab* .gnu.linkonce.armextab.*)
                0x000000000800b9b0                . = ALIGN (0x4)

.ARM            0x000000000800b9b0        0x8
                0x000000000800b9b0                . = ALIGN (0x4)
                0x000000000800b9b0                __exidx_start = .
 *(.ARM.exidx*)
 .ARM.exidx     0x000000000800b9b0        0x8 c:/st/stm32cubeide_1.4.0/stm32cubeide/plugins/com.st.stm32cube.ide.mcu.externaltools.gnu-tools-for-stm32.7-2018-q2-update.win32_1.4.0.202007081208/tools/bin/../lib/gcc/arm-none-eabi/7.3.1/thumb/v7e-m/fpv4-sp/hard\libgcc.a(_udivmoddi4.o)
                0x000000000800b9b8                __exidx_end = .
                0x000000000800b9b8                . = ALIGN (0x4)

.rel.dyn        0x000000000800b9b8        0x0
 .rel.iplt      0x000000000800b9b8        0x0 c:/st/stm32cubeide_1.4.0/stm32cubeide/plugins/com.st.stm32cube.ide.mcu.externaltools.gnu-tools-for-stm32.7-2018-q2-update.win32_1.4.0.202007081208/tools/bin/../lib/gcc/arm-none-eabi/7.3.1/thumb/v7e-m/fpv4-sp/hard/crtbegin.o

.preinit_array  0x000000000800b9b8        0x0
                0x000000000800b9b8                . = ALIGN (0x4)
                0x000000000800b9b8                PROVIDE (__preinit_array_start = .)
 *(.preinit_array*)
                0x000000000800b9b8                PROVIDE (__preinit_array_end = .)
                0x000000000800b9b8                . = ALIGN (0x4)

.init_array     0x000000000800b9b8        0x8
                0x000000000800b9b8                . = ALIGN (0x4)
                0x000000000800b9b8                PROVIDE (__init_array_start = .)
 *(SORT_BY_NAME(.init_array.*))
 *(.init_array*)
 .init_array    0x000000000800b9b8        0x4 c:/st/stm32cubeide_1.4.0/stm32cubeide/plugins/com.st.stm32cube.ide.mcu.externaltools.gnu-tools-for-stm32.7-2018-q2-update.win32_1.4.0.202007081208/tools/bin/../lib/gcc/arm-none-eabi/7.3.1/thumb/v7e-m/fpv4-sp/hard/crtbegin.o
 .init_array    0x000000000800b9bc        0x4 Core/Src/main.o
                0x000000000800b9c0                PROVIDE (__init_array_end = .)
                0x000000000800b9c0                . = ALIGN (0x4)

.fini_array     0x000000000800b9c0        0x4
                0x000000000800b9c0                . = ALIGN (0x4)
                [!provide]                        PROVIDE (__fini_array_start = .)
 *(SORT_BY_NAME(.fini_array.*))
 *(.fini_array*)
 .fini_array    0x000000000800b9c0        0x4 c:/st/stm32cubeide_1.4.0/stm32cubeide/plugins/com.st.stm32cube.ide.mcu.externaltools.gnu-tools-for-stm32.7-2018-q2-update.win32_1.4.0.202007081208/tools/bin/../lib/gcc/arm-none-eabi/7.3.1/thumb/v7e-m/fpv4-sp/hard/crtbegin.o
                [!provide]                        PROVIDE (__fini_array_end = .)
                0x000000000800b9c4                . = ALIGN (0x4)
                0x000000000800b9c4                _sidata = LOADADDR (.data)

.data           0x0000000020000000       0x78 load address 0x000000000800b9c4
                0x0000000020000000                . = ALIGN (0x4)
                0x0000000020000000                _sdata = .
 *(.data)
 *(.data*)
 .data.IR_AC_Max
                0x0000000020000000        0x2 Core/Src/heartRate.o
                0x0000000020000000                IR_AC_Max
 .data.IR_AC_Min
                0x0000000020000002        0x2 Core/Src/heartRate.o
                0x0000000020000002                IR_AC_Min
 .data.dampingFactor
                0x0000000020000004        0x4 Core/Src/main.o
                0x0000000020000004                dampingFactor
 .data.SystemCoreClock
                0x0000000020000008        0x4 Core/Src/system_stm32l4xx.o
                0x0000000020000008                SystemCoreClock
 .data.uwTickPrio
                0x000000002000000c        0x4 Drivers/STM32L4xx_HAL_Driver/Src/stm32l4xx_hal.o
                0x000000002000000c                uwTickPrio
 .data.uwTickFreq
                0x0000000020000010        0x1 Drivers/STM32L4xx_HAL_Driver/Src/stm32l4xx_hal.o
                0x0000000020000010                uwTickFreq
 *fill*         0x0000000020000011        0x3 
 .data._impure_ptr
                0x0000000020000014        0x4 c:/st/stm32cubeide_1.4.0/stm32cubeide/plugins/com.st.stm32cube.ide.mcu.externaltools.gnu-tools-for-stm32.7-2018-q2-update.win32_1.4.0.202007081208/tools/bin/../lib/gcc/arm-none-eabi/7.3.1/../../../../arm-none-eabi/lib/thumb/v7e-m/fpv4-sp/hard\libc_nano.a(lib_a-impure.o)
                0x0000000020000014                _impure_ptr
 .data.impure_data
                0x0000000020000018       0x60 c:/st/stm32cubeide_1.4.0/stm32cubeide/plugins/com.st.stm32cube.ide.mcu.externaltools.gnu-tools-for-stm32.7-2018-q2-update.win32_1.4.0.202007081208/tools/bin/../lib/gcc/arm-none-eabi/7.3.1/../../../../arm-none-eabi/lib/thumb/v7e-m/fpv4-sp/hard\libc_nano.a(lib_a-impure.o)
                0x0000000020000078                . = ALIGN (0x4)
                0x0000000020000078                _edata = .

.igot.plt       0x0000000020000078        0x0 load address 0x000000000800ba3c
 .igot.plt      0x0000000020000078        0x0 c:/st/stm32cubeide_1.4.0/stm32cubeide/plugins/com.st.stm32cube.ide.mcu.externaltools.gnu-tools-for-stm32.7-2018-q2-update.win32_1.4.0.202007081208/tools/bin/../lib/gcc/arm-none-eabi/7.3.1/thumb/v7e-m/fpv4-sp/hard/crtbegin.o
                0x0000000020000078                . = ALIGN (0x4)

.bss            0x0000000020000078     0x10e0 load address 0x000000000800ba3c
                0x0000000020000078                _sbss = .
                0x0000000020000078                __bss_start__ = _sbss
 *(.bss)
 .bss           0x0000000020000078       0x1c c:/st/stm32cubeide_1.4.0/stm32cubeide/plugins/com.st.stm32cube.ide.mcu.externaltools.gnu-tools-for-stm32.7-2018-q2-update.win32_1.4.0.202007081208/tools/bin/../lib/gcc/arm-none-eabi/7.3.1/thumb/v7e-m/fpv4-sp/hard/crtbegin.o
 *(.bss*)
 .bss.issue15   0x0000000020000094        0x4 Core/Src/es_wifi.o
                0x0000000020000094                issue15
 .bss.spi_rx_event
                0x0000000020000098        0x4 Core/Src/es_wifi_io.o
 .bss.spi_tx_event
                0x000000002000009c        0x4 Core/Src/es_wifi_io.o
 .bss.cmddata_rdy_rising_event
                0x00000000200000a0        0x4 Core/Src/es_wifi_io.o
 .bss.cycle_per_loop.10470
                0x00000000200000a4        0x4 Core/Src/es_wifi_io.o
 .bss.IR_AC_Signal_Current
                0x00000000200000a8        0x2 Core/Src/heartRate.o
                0x00000000200000a8                IR_AC_Signal_Current
 .bss.IR_AC_Signal_Previous
                0x00000000200000aa        0x2 Core/Src/heartRate.o
                0x00000000200000aa                IR_AC_Signal_Previous
 .bss.IR_AC_Signal_min
                0x00000000200000ac        0x2 Core/Src/heartRate.o
                0x00000000200000ac                IR_AC_Signal_min
 .bss.IR_AC_Signal_max
                0x00000000200000ae        0x2 Core/Src/heartRate.o
                0x00000000200000ae                IR_AC_Signal_max
 .bss.IR_Average_Estimated
                0x00000000200000b0        0x2 Core/Src/heartRate.o
                0x00000000200000b0                IR_Average_Estimated
 .bss.positiveEdge
                0x00000000200000b2        0x2 Core/Src/heartRate.o
                0x00000000200000b2                positiveEdge
 .bss.negativeEdge
                0x00000000200000b4        0x2 Core/Src/heartRate.o
                0x00000000200000b4                negativeEdge
 *fill*         0x00000000200000b6        0x2 
 .bss.ir_avg_reg
                0x00000000200000b8        0x4 Core/Src/heartRate.o
                0x00000000200000b8                ir_avg_reg
 .bss.cbuf      0x00000000200000bc       0x40 Core/Src/heartRate.o
                0x00000000200000bc                cbuf
 .bss.offset    0x00000000200000fc        0x1 Core/Src/heartRate.o
                0x00000000200000fc                offset
 *fill*         0x00000000200000fd        0x3 
 .bss._ZL7IP_Addr
                0x0000000020000100        0x4 Core/Src/main.o
 .bss._ZL11currentTemp
                0x0000000020000104        0x1 Core/Src/main.o
 *fill*         0x0000000020000105        0x1 
 .bss._ZL11currentDist
                0x0000000020000106        0x2 Core/Src/main.o
 .bss.bpmDisplay
                0x0000000020000108       0x32 Core/Src/main.o
                0x0000000020000108                bpmDisplay
 *fill*         0x000000002000013a        0x2 
 .bss.graphArray
                0x000000002000013c      0x12c Core/Src/main.o
                0x000000002000013c                graphArray
 .bss.rates     0x0000000020000268        0x4 Core/Src/main.o
                0x0000000020000268                rates
 .bss.rateSpot  0x000000002000026c        0x1 Core/Src/main.o
                0x000000002000026c                rateSpot
 *fill*         0x000000002000026d        0x3 
 .bss.lastBeat  0x0000000020000270        0x4 Core/Src/main.o
                0x0000000020000270                lastBeat
 .bss.beatsPerMinute
                0x0000000020000274        0x4 Core/Src/main.o
                0x0000000020000274                beatsPerMinute
 .bss.beatAvg   0x0000000020000278        0x4 Core/Src/main.o
                0x0000000020000278                beatAvg
 .bss.beatArray
                0x000000002000027c        0xa Core/Src/main.o
                0x000000002000027c                beatArray
 *fill*         0x0000000020000286        0x2 
 .bss.hi2c1     0x0000000020000288       0x4c Core/Src/main.o
                0x0000000020000288                hi2c1
 .bss.htim16    0x00000000200002d4       0x4c Core/Src/main.o
                0x00000000200002d4                htim16
 .bss.huart1    0x0000000020000320       0x80 Core/Src/main.o
                0x0000000020000320                huart1
 .bss.particleSensor
                0x00000000200003a0       0x40 Core/Src/main.o
                0x00000000200003a0                particleSensor
 .bss._ZZL16WebServerProcessvE4resp
                0x00000000200003e0      0x400 Core/Src/main.o
 .bss.__sbrk_heap_end
                0x00000000200007e0        0x4 Core/Src/sysmem.o
 .bss.__malloc_free_list
                0x00000000200007e4        0x4 c:/st/stm32cubeide_1.4.0/stm32cubeide/plugins/com.st.stm32cube.ide.mcu.externaltools.gnu-tools-for-stm32.7-2018-q2-update.win32_1.4.0.202007081208/tools/bin/../lib/gcc/arm-none-eabi/7.3.1/../../../../arm-none-eabi/lib/thumb/v7e-m/fpv4-sp/hard\libc_nano.a(lib_a-nano-mallocr.o)
                0x00000000200007e4                __malloc_free_list
 .bss.__malloc_sbrk_start
                0x00000000200007e8        0x4 c:/st/stm32cubeide_1.4.0/stm32cubeide/plugins/com.st.stm32cube.ide.mcu.externaltools.gnu-tools-for-stm32.7-2018-q2-update.win32_1.4.0.202007081208/tools/bin/../lib/gcc/arm-none-eabi/7.3.1/../../../../arm-none-eabi/lib/thumb/v7e-m/fpv4-sp/hard\libc_nano.a(lib_a-nano-mallocr.o)
                0x00000000200007e8                __malloc_sbrk_start
 *(COMMON)
 COMMON         0x00000000200007ec       0x64 Core/Src/es_wifi_io.o
                0x00000000200007ec                hspi
 COMMON         0x0000000020000850      0x900 Core/Src/wifi.o
                0x0000000020000850                EsWifiObj
 COMMON         0x0000000020001150        0x4 Drivers/STM32L4xx_HAL_Driver/Src/stm32l4xx_hal.o
                0x0000000020001150                uwTick
 COMMON         0x0000000020001154        0x4 c:/st/stm32cubeide_1.4.0/stm32cubeide/plugins/com.st.stm32cube.ide.mcu.externaltools.gnu-tools-for-stm32.7-2018-q2-update.win32_1.4.0.202007081208/tools/bin/../lib/gcc/arm-none-eabi/7.3.1/../../../../arm-none-eabi/lib/thumb/v7e-m/fpv4-sp/hard\libc_nano.a(lib_a-reent.o)
                0x0000000020001154                errno
                0x0000000020001158                . = ALIGN (0x4)
                0x0000000020001158                _ebss = .
                0x0000000020001158                __bss_end__ = _ebss

._user_heap_stack
                0x0000000020001158      0x600 load address 0x000000000800ba3c
                0x0000000020001158                . = ALIGN (0x8)
                [!provide]                        PROVIDE (end = .)
                0x0000000020001158                PROVIDE (_end = .)
                0x0000000020001358                . = (. + _Min_Heap_Size)
 *fill*         0x0000000020001158      0x200 
                0x0000000020001758                . = (. + _Min_Stack_Size)
 *fill*         0x0000000020001358      0x400 
                0x0000000020001758                . = ALIGN (0x8)

/DISCARD/
 libc.a(*)
 libm.a(*)
 libgcc.a(*)

.ARM.attributes
                0x0000000000000000       0x30
 *(.ARM.attributes)
 .ARM.attributes
                0x0000000000000000       0x22 c:/st/stm32cubeide_1.4.0/stm32cubeide/plugins/com.st.stm32cube.ide.mcu.externaltools.gnu-tools-for-stm32.7-2018-q2-update.win32_1.4.0.202007081208/tools/bin/../lib/gcc/arm-none-eabi/7.3.1/thumb/v7e-m/fpv4-sp/hard/crti.o
 .ARM.attributes
                0x0000000000000022       0x34 c:/st/stm32cubeide_1.4.0/stm32cubeide/plugins/com.st.stm32cube.ide.mcu.externaltools.gnu-tools-for-stm32.7-2018-q2-update.win32_1.4.0.202007081208/tools/bin/../lib/gcc/arm-none-eabi/7.3.1/thumb/v7e-m/fpv4-sp/hard/crtbegin.o
 .ARM.attributes
                0x0000000000000056       0x39 Core/Src/MAX30105.o
 .ARM.attributes
                0x000000000000008f       0x39 Core/Src/es_wifi.o
 .ARM.attributes
                0x00000000000000c8       0x39 Core/Src/es_wifi_io.o
 .ARM.attributes
                0x0000000000000101       0x39 Core/Src/heartRate.o
 .ARM.attributes
                0x000000000000013a       0x39 Core/Src/main.o
 .ARM.attributes
                0x0000000000000173       0x39 Core/Src/stm32l4xx_hal_msp.o
 .ARM.attributes
                0x00000000000001ac       0x39 Core/Src/stm32l4xx_it.o
 .ARM.attributes
                0x00000000000001e5       0x39 Core/Src/syscalls.o
 .ARM.attributes
                0x000000000000021e       0x39 Core/Src/sysmem.o
 .ARM.attributes
                0x0000000000000257       0x39 Core/Src/system_stm32l4xx.o
 .ARM.attributes
                0x0000000000000290       0x39 Core/Src/wifi.o
 .ARM.attributes
                0x00000000000002c9       0x21 Core/Startup/startup_stm32l475vgtx.o
 .ARM.attributes
                0x00000000000002ea       0x39 Drivers/STM32L4xx_HAL_Driver/Src/stm32l4xx_hal.o
 .ARM.attributes
                0x0000000000000323       0x39 Drivers/STM32L4xx_HAL_Driver/Src/stm32l4xx_hal_cortex.o
 .ARM.attributes
                0x000000000000035c       0x39 Drivers/STM32L4xx_HAL_Driver/Src/stm32l4xx_hal_dma.o
 .ARM.attributes
                0x0000000000000395       0x39 Drivers/STM32L4xx_HAL_Driver/Src/stm32l4xx_hal_gpio.o
 .ARM.attributes
                0x00000000000003ce       0x39 Drivers/STM32L4xx_HAL_Driver/Src/stm32l4xx_hal_i2c.o
 .ARM.attributes
                0x0000000000000407       0x39 Drivers/STM32L4xx_HAL_Driver/Src/stm32l4xx_hal_i2c_ex.o
 .ARM.attributes
                0x0000000000000440       0x39 Drivers/STM32L4xx_HAL_Driver/Src/stm32l4xx_hal_pwr_ex.o
 .ARM.attributes
                0x0000000000000479       0x39 Drivers/STM32L4xx_HAL_Driver/Src/stm32l4xx_hal_rcc.o
 .ARM.attributes
                0x00000000000004b2       0x39 Drivers/STM32L4xx_HAL_Driver/Src/stm32l4xx_hal_rcc_ex.o
 .ARM.attributes
                0x00000000000004eb       0x39 Drivers/STM32L4xx_HAL_Driver/Src/stm32l4xx_hal_spi.o
 .ARM.attributes
                0x0000000000000524       0x39 Drivers/STM32L4xx_HAL_Driver/Src/stm32l4xx_hal_tim.o
 .ARM.attributes
                0x000000000000055d       0x39 Drivers/STM32L4xx_HAL_Driver/Src/stm32l4xx_hal_tim_ex.o
 .ARM.attributes
                0x0000000000000596       0x39 Drivers/STM32L4xx_HAL_Driver/Src/stm32l4xx_hal_uart.o
 .ARM.attributes
                0x00000000000005cf       0x34 c:/st/stm32cubeide_1.4.0/stm32cubeide/plugins/com.st.stm32cube.ide.mcu.externaltools.gnu-tools-for-stm32.7-2018-q2-update.win32_1.4.0.202007081208/tools/bin/../lib/gcc/arm-none-eabi/7.3.1/../../../../arm-none-eabi/lib/thumb/v7e-m/fpv4-sp/hard\libc_nano.a(lib_a-errno.o)
 .ARM.attributes
                0x0000000000000603       0x34 c:/st/stm32cubeide_1.4.0/stm32cubeide/plugins/com.st.stm32cube.ide.mcu.externaltools.gnu-tools-for-stm32.7-2018-q2-update.win32_1.4.0.202007081208/tools/bin/../lib/gcc/arm-none-eabi/7.3.1/../../../../arm-none-eabi/lib/thumb/v7e-m/fpv4-sp/hard\libc_nano.a(lib_a-impure.o)
 .ARM.attributes
                0x0000000000000637       0x34 c:/st/stm32cubeide_1.4.0/stm32cubeide/plugins/com.st.stm32cube.ide.mcu.externaltools.gnu-tools-for-stm32.7-2018-q2-update.win32_1.4.0.202007081208/tools/bin/../lib/gcc/arm-none-eabi/7.3.1/../../../../arm-none-eabi/lib/thumb/v7e-m/fpv4-sp/hard\libc_nano.a(lib_a-init.o)
 .ARM.attributes