main.cpp:83:5:int main()	80	static
main.cpp:128:12:int wifi_start()	112	static
main.cpp:165:5:int wifi_connect()	224	static
main.cpp:204:5:int wifi_server()	264	static
main.cpp:303:13:bool WebServerProcess()	64	static
main.cpp:378:22:WIFI_Status_t SendWebPage(uint8_t, uint16_t)	17328	static
main.cpp:422:6:void SystemClock_Config()	232	static
main.cpp:479:13:void MX_I2C1_Init()	8	static
main.cpp:521:13:void MX_TIM16_Init()	8	static
main.cpp:553:13:void MX_USART1_UART_Init()	8	static
main.cpp:588:13:void MX_GPIO_Init()	48	static
main.cpp:820:6:void HAL_GPIO_EXTI_Callback(uint16_t)	16	static
main.cpp:851:6:void SPI3_IRQHandler()	8	static
main.cpp:859:6:void serialPrint(char*)	16	static
main.cpp:865:6:void HAL_TIM_PeriodElapsedCallback(TIM_HandleTypeDef*)	24	static
main.cpp:898:6:void Error_Handler()	4	static
main.cpp:904:1:void __static_initialization_and_destruction_0(int, int)	16	static
main.cpp:904:1:cpp)	8	static
