main.cpp:86:5:int main()	80	static
main.cpp:131:12:int wifi_start()	112	static
main.cpp:168:5:int wifi_connect()	224	static
main.cpp:207:5:int wifi_server()	264	static
main.cpp:319:13:bool WebServerProcess()	64	static
main.cpp:394:22:WIFI_Status_t SendWebPage(uint8_t, uint16_t)	17328	static
main.cpp:438:6:void SystemClock_Config()	232	static
main.cpp:495:13:void MX_I2C1_Init()	8	static
main.cpp:537:13:void MX_TIM16_Init()	8	static
main.cpp:569:13:void MX_USART1_UART_Init()	8	static
main.cpp:604:13:void MX_GPIO_Init()	48	static
main.cpp:836:6:void HAL_GPIO_EXTI_Callback(uint16_t)	16	static
main.cpp:867:6:void SPI3_IRQHandler()	8	static
main.cpp:875:6:void serialPrint(char*)	16	static
main.cpp:881:6:void HAL_TIM_PeriodElapsedCallback(TIM_HandleTypeDef*)	24	static
main.cpp:914:6:void Error_Handler()	4	static
main.cpp:920:1:void __static_initialization_and_destruction_0(int, int)	16	static
main.cpp:920:1:cpp)	8	static
